12-27 16:54:33.746 I/ActivityManager(  814): Start proc com.djr.zichanjia for activity com.djr.zichanjia/.activity.SplashActivity: pid=11877 uid=10517 gids={50517, 1028, 1015, 1023, 3003}
12-27 16:54:34.107 I/ActivityManager(  814): START u0 {cmp=com.djr.zichanjia/.activity.WelcomeActivity} from pid 11877
12-27 16:54:34.107 E/ActivityManager(  814): START {cmp=com.djr.zichanjia/.activity.WelcomeActivity u=0} from pid 11877
12-27 16:54:34.134 I/ActivityManager(  814): Start proc com.djr.zichanjia:push for service com.djr.zichanjia/com.umeng.message.UmengIntentService: pid=11900 uid=10517 gids={50517, 1028, 1015, 1023, 3003}
12-27 16:54:37.717 I/ActivityManager(  814): START u0 {cmp=com.djr.zichanjia/.activity.MainActivity} from pid 11877
12-27 16:54:37.717 E/ActivityManager(  814): START {cmp=com.djr.zichanjia/.activity.MainActivity u=0} from pid 11877
12-27 16:54:40.146 I/ActivityManager(  814): START u0 {cmp=com.djr.zichanjia/.activity.LoginActivity} from pid 11877
12-27 16:54:40.146 E/ActivityManager(  814): START {cmp=com.djr.zichanjia/.activity.LoginActivity u=0} from pid 11877
12-27 16:54:40.257 E/gsc     (11877): ---------is_remmber_login_name is check
12-27 16:54:40.276 W/ProxyFactroy(11900): instance_base
12-27 16:54:40.276 W/ProxyFactroy(11900): java.lang.ClassNotFoundException: org.android.agoo.impl.ControlService
12-27 16:54:40.276 W/ProxyFactroy(11900): 	at java.lang.Class.classForName(Native Method)
12-27 16:54:40.276 W/ProxyFactroy(11900): 	at java.lang.Class.forName(Class.java:251)
12-27 16:54:40.276 W/ProxyFactroy(11900): 	at java.lang.Class.forName(Class.java:216)
12-27 16:54:40.276 W/ProxyFactroy(11900): 	at org.android.agoo.d.a.a(ProxyFactroy.java:26)
12-27 16:54:40.276 W/ProxyFactroy(11900): 	at org.android.agoo.d.a.getInstance(ProxyFactroy.java:14)
12-27 16:54:40.276 W/ProxyFactroy(11900): 	at org.android.agoo.client.BaseIntentService.onHandleIntent(BaseIntentService.java:71)
12-27 16:54:40.276 W/ProxyFactroy(11900): 	at android.app.IntentService$ServiceHandler.handleMessage(IntentService.java:65)
12-27 16:54:40.276 W/ProxyFactroy(11900): 	at android.os.Handler.dispatchMessage(Handler.java:110)
12-27 16:54:40.276 W/ProxyFactroy(11900): 	at android.os.Looper.loop(Looper.java:193)
12-27 16:54:40.276 W/ProxyFactroy(11900): 	at android.os.HandlerThread.run(HandlerThread.java:61)
12-27 16:54:40.276 W/ProxyFactroy(11900): Caused by: java.lang.NoClassDefFoundError: org/android/agoo/impl/ControlService
12-27 16:54:40.276 W/ProxyFactroy(11900): 	... 10 more
12-27 16:54:40.276 W/ProxyFactroy(11900): Caused by: java.lang.ClassNotFoundException: Didn't find class "org.android.agoo.impl.ControlService" on path: DexPathList[[zip file "/data/app/com.djr.zichanjia-1.apk"],nativeLibraryDirectories=[/data/app-lib/com.djr.zichanjia-1, /vendor/lib, /system/lib]]
12-27 16:54:40.276 W/ProxyFactroy(11900): 	at dalvik.system.BaseDexClassLoader.findClass(BaseDexClassLoader.java:56)
12-27 16:54:40.276 W/ProxyFactroy(11900): 	at java.lang.ClassLoader.loadClass(ClassLoader.java:497)
12-27 16:54:40.276 W/ProxyFactroy(11900): 	at java.lang.ClassLoader.loadClass(ClassLoader.java:457)
12-27 16:54:40.276 W/ProxyFactroy(11900): 	... 10 more
12-27 16:54:40.315 I/BufferQueue(  244): [com.djr.zichanjia/com.djr.zichanjia.activity.LoginActivity](this:0xb8d3f260,id:368,api:1,p:11877,c:244) connect: api=1 producer=(11877:com.djr.zichanjia) producerControlledByApp=true
12-27 16:54:40.315 I/BufferQueue(  244): [com.djr.zichanjia/com.djr.zichanjia.activity.LoginActivity](this:0xb8d3f260,id:368,api:1,p:11877,c:244) new GraphicBuffer needed
12-27 16:54:40.384 I/BufferQueue(  244): [com.djr.zichanjia/com.djr.zichanjia.activity.LoginActivity](this:0xb8d3f260,id:368,api:1,p:11877,c:244) new GraphicBuffer needed
12-27 16:54:40.740 E/BASEACTIVITY(11877): ++++++++++++++++++++++++++++++++++
12-27 16:54:40.859 I/BufferQueue(  244): [com.djr.zichanjia/com.djr.zichanjia.activity.LoginActivity](this:0xb8d3f260,id:368,api:1,p:11877,c:244) new GraphicBuffer needed
12-27 16:54:40.970 I/BufferQueue(  244): [com.djr.zichanjia/com.djr.zichanjia.activity.LoginActivity](this:0xb8d3f260,id:368,api:1,p:11877,c:244) new GraphicBuffer needed
12-27 16:54:41.866 I/BufferQueue(  244): [com.djr.zichanjia/com.djr.zichanjia.activity.LoginActivity](this:0xb8d3f260,id:368,api:1,p:11877,c:244) queueBuffer: fps=2.70 dur=1482.15 max=502.84 min=110.26
12-27 16:54:42.875 I/BufferQueue(  244): [com.djr.zichanjia/com.djr.zichanjia.activity.LoginActivity](this:0xb8d3f260,id:368,api:1,p:11877,c:244) queueBuffer: fps=1.98 dur=1009.76 max=517.19 min=492.57
12-27 16:54:44.148 I/View    (11877): Key down dispatch to android.widget.EditText{44911c70 VFED..CL .F...... 0,0-957,121 #7f0d0125 app:id/login_user_name_ed}, event = KeyEvent { action=ACTION_DOWN, hashcode=android.view.KeyEvent@44f2cb70, keyCode=KEYCODE_DEL, scanCode=0, metaState=0, flags=0x0, repeatCount=0, eventTime=34964125, downTime=34964125, deviceId=-1, source=0x101 }
12-27 16:54:44.237 I/View    (11877): Key down dispatch to android.widget.EditText{44911c70 VFED..CL .F...... 0,0-957,121 #7f0d0125 app:id/login_user_name_ed}, event = KeyEvent { action=ACTION_DOWN, hashcode=android.view.KeyEvent@44f4a298, keyCode=KEYCODE_DEL, scanCode=0, metaState=0, flags=0x0, repeatCount=0, eventTime=34964215, downTime=34964215, deviceId=-1, source=0x101 }
12-27 16:54:44.257 I/View    (11877): Key down dispatch to android.widget.EditText{44911c70 VFED..CL .F...... 0,0-957,121 #7f0d0125 app:id/login_user_name_ed}, event = KeyEvent { action=ACTION_DOWN, hashcode=android.view.KeyEvent@44f5c708, keyCode=KEYCODE_FORWARD_DEL, scanCode=0, metaState=0, flags=0x0, repeatCount=0, eventTime=34964239, downTime=34964239, deviceId=-1, source=0x101 }
12-27 16:54:44.378 I/BufferQueue(  244): [com.djr.zichanjia/com.djr.zichanjia.activity.LoginActivity](this:0xb8d3f260,id:368,api:1,p:11877,c:244) queueBuffer: fps=2.00 dur=1502.70 max=505.09 min=493.33
12-27 16:54:45.393 I/BufferQueue(  244): [com.djr.zichanjia/com.djr.zichanjia.activity.LoginActivity](this:0xb8d3f260,id:368,api:1,p:11877,c:244) queueBuffer: fps=1.97 dur=1014.74 max=524.98 min=489.77
12-27 16:54:45.516 I/System.out(11877): [socket][2:60507] exception
12-27 16:54:45.516 I/System.out(11877): [CDS]close[60507]
12-27 16:54:45.516 I/System.out(11877): close [socket][/0.0.0.0:60507]
12-27 16:54:45.558 I/System.out(11877): propertyValue:true
12-27 16:54:45.558 I/System.out(11877): [socket][2] connection alog.umengcloud.com/140.205.156.81:80;LocalPort=53599(10000)
12-27 16:54:45.558 I/System.out(11877): [CDS]connect[alog.umengcloud.com/140.205.156.81:80] tm:10
12-27 16:54:45.603 I/System.out(11877): [socket][/10.167.170.43:53599] connected
12-27 16:54:45.603 I/System.out(11877): [CDS]rx timeout:30000
12-27 16:54:45.607 I/System.out(11877): [CDS]SO_SND_TIMEOUT:0
12-27 16:54:45.710 I/System.out(11877): [CDS]close[53599]
12-27 16:54:45.711 I/System.out(11877): close [socket][/0.0.0.0:53599]
12-27 16:54:45.773 I/System.out(11877): [CDS][DNS]Unable to resolve host "www.localnetwork.uop": No address associated with hostname
12-27 16:54:45.773 W/System.err(11877): java.net.UnknownHostException: Unable to resolve host "www.localnetwork.uop": No address associated with hostname
12-27 16:54:45.774 W/System.err(11877): 	at java.net.InetAddress.lookupHostByName(InetAddress.java:440)
12-27 16:54:45.774 W/System.err(11877): 	at java.net.InetAddress.getAllByNameImpl(InetAddress.java:236)
12-27 16:54:45.774 W/System.err(11877): 	at java.net.InetAddress.getAllByName(InetAddress.java:214)
12-27 16:54:45.774 W/System.err(11877): 	at com.android.okhttp.internal.Dns$1.getAllByName(Dns.java:28)
12-27 16:54:45.774 W/System.err(11877): 	at com.android.okhttp.internal.http.RouteSelector.resetNextInetSocketAddress(RouteSelector.java:216)
12-27 16:54:45.774 W/System.err(11877): 	at com.android.okhttp.internal.http.RouteSelector.next(RouteSelector.java:122)
12-27 16:54:45.774 W/System.err(11877): 	at com.android.okhttp.internal.http.HttpEngine.connect(HttpEngine.java:292)
12-27 16:54:45.775 W/System.err(11877): 	at com.android.okhttp.internal.http.HttpEngine.sendSocketRequest(HttpEngine.java:255)
12-27 16:54:45.775 W/System.err(11877): 	at com.android.okhttp.internal.http.HttpEngine.sendRequest(HttpEngine.java:206)
12-27 16:54:45.775 W/System.err(11877): 	at com.android.okhttp.internal.http.HttpURLConnectionImpl.execute(HttpURLConnectionImpl.java:355)
12-27 16:54:45.775 W/System.err(11877): 	at com.android.okhttp.internal.http.HttpURLConnectionImpl.getResponse(HttpURLConnectionImpl.java:306)
12-27 16:54:45.775 W/System.err(11877): 	at com.android.okhttp.internal.http.HttpURLConnectionImpl.getResponseCode(HttpURLConnectionImpl.java:513)
12-27 16:54:45.775 W/System.err(11877): 	at u.aly.am.a(NetworkHelper.java:279)
12-27 16:54:45.775 W/System.err(11877): 	at u.aly.r.a(Sender.java:97)
12-27 16:54:45.775 W/System.err(11877): 	at u.aly.ae.f(CacheImpl.java:292)
12-27 16:54:45.775 W/System.err(11877): 	at u.aly.ae.a(CacheImpl.java:148)
12-27 16:54:45.775 W/System.err(11877): 	at u.aly.ae.a(CacheImpl.java:108)
12-27 16:54:45.775 W/System.err(11877): 	at u.aly.c$1.a(CacheService.java:45)
12-27 16:54:45.775 W/System.err(11877): 	at com.umeng.analytics.g.run(SafeRunnable.java:8)
12-27 16:54:45.775 W/System.err(11877): 	at java.util.concurrent.Executors$RunnableAdapter.call(Executors.java:422)
12-27 16:54:45.776 W/System.err(11877): 	at java.util.concurrent.FutureTask.run(FutureTask.java:237)
12-27 16:54:45.777 W/System.err(11877): 	at java.util.concurrent.ScheduledThreadPoolExecutor$ScheduledFutureTask.access$201(ScheduledThreadPoolExecutor.java:152)
12-27 16:54:45.777 W/System.err(11877): 	at java.util.concurrent.ScheduledThreadPoolExecutor$ScheduledFutureTask.run(ScheduledThreadPoolExecutor.java:265)
12-27 16:54:45.777 W/System.err(11877): 	at java.util.concurrent.ThreadPoolExecutor.runWorker(ThreadPoolExecutor.java:1112)
12-27 16:54:45.777 W/System.err(11877): 	at java.util.concurrent.ThreadPoolExecutor$Worker.run(ThreadPoolExecutor.java:587)
12-27 16:54:45.777 W/System.err(11877): 	at java.lang.Thread.run(Thread.java:848)
12-27 16:54:45.777 W/System.err(11877): Caused by: libcore.io.GaiException: getaddrinfo failed: EAI_NODATA (No address associated with hostname)
12-27 16:54:45.779 W/System.err(11877): 	at libcore.io.Posix.getaddrinfo(Native Method)
12-27 16:54:45.780 W/System.err(11877): 	at libcore.io.ForwardingOs.getaddrinfo(ForwardingOs.java:61)
12-27 16:54:45.780 W/System.err(11877): 	at java.net.InetAddress.lookupHostByName(InetAddress.java:406)
12-27 16:54:45.780 W/System.err(11877): 	... 25 more
12-27 16:54:46.597 I/View    (11877): Key down dispatch to android.widget.EditText{44911c70 VFED..CL .F...... 0,0-957,121 #7f0d0125 app:id/login_user_name_ed}, event = KeyEvent { action=ACTION_DOWN, hashcode=android.view.KeyEvent@45146ca8, keyCode=KEYCODE_DEL, scanCode=0, metaState=0, flags=0x0, repeatCount=0, eventTime=34966577, downTime=34966577, deviceId=-1, source=0x101 }
12-27 16:54:46.621 I/View    (11877): Key down dispatch to android.widget.EditText{44911c70 VFED..CL .F...... 0,0-957,121 #7f0d0125 app:id/login_user_name_ed}, event = KeyEvent { action=ACTION_DOWN, hashcode=android.view.KeyEvent@45159118, keyCode=KEYCODE_1, scanCode=0, metaState=0, flags=0x0, repeatCount=0, eventTime=34966598, downTime=34966598, deviceId=-1, source=0x101 }
12-27 16:54:46.635 I/View    (11877): Key down dispatch to android.widget.EditText{44911c70 VFED..CL .F....ID 0,0-957,121 #7f0d0125 app:id/login_user_name_ed}, event = KeyEvent { action=ACTION_DOWN, hashcode=android.view.KeyEvent@451698a0, keyCode=KEYCODE_8, scanCode=0, metaState=0, flags=0x0, repeatCount=0, eventTime=34966623, downTime=34966598, deviceId=-1, source=0x101 }
12-27 16:54:46.654 I/BufferQueue(  244): [com.djr.zichanjia/com.djr.zichanjia.activity.LoginActivity](this:0xb8d3f260,id:368,api:1,p:11877,c:244) queueBuffer: fps=2.38 dur=1260.78 max=505.72 min=268.28
12-27 16:54:46.658 I/View    (11877): Key down dispatch to android.widget.EditText{44911c70 VFED..CL .F...... 0,0-957,121 #7f0d0125 app:id/login_user_name_ed}, event = KeyEvent { action=ACTION_DOWN, hashcode=android.view.KeyEvent@4517e130, keyCode=KEYCODE_5, scanCode=0, metaState=0, flags=0x0, repeatCount=0, eventTime=34966647, downTime=34966598, deviceId=-1, source=0x101 }
12-27 16:54:46.670 I/View    (11877): Key down dispatch to android.widget.EditText{44911c70 VFED..CL .F....ID 0,0-957,121 #7f0d0125 app:id/login_user_name_ed}, event = KeyEvent { action=ACTION_DOWN, hashcode=android.view.KeyEvent@4518c728, keyCode=KEYCODE_1, scanCode=0, metaState=0, flags=0x0, repeatCount=0, eventTime=34966657, downTime=34966598, deviceId=-1, source=0x101 }
12-27 16:54:46.695 I/View    (11877): Key down dispatch to android.widget.EditText{44911c70 VFED..CL .F...... 0,0-957,121 #7f0d0125 app:id/login_user_name_ed}, event = KeyEvent { action=ACTION_DOWN, hashcode=android.view.KeyEvent@451a10e0, keyCode=KEYCODE_1, scanCode=0, metaState=0, flags=0x0, repeatCount=0, eventTime=34966680, downTime=34966598, deviceId=-1, source=0x101 }
12-27 16:54:46.719 I/View    (11877): Key down dispatch to android.widget.EditText{44911c70 VFED..CL .F...... 0,0-957,121 #7f0d0125 app:id/login_user_name_ed}, event = KeyEvent { action=ACTION_DOWN, hashcode=android.view.KeyEvent@451b5848, keyCode=KEYCODE_3, scanCode=0, metaState=0, flags=0x0, repeatCount=0, eventTime=34966694, downTime=34966598, deviceId=-1, source=0x101 }
12-27 16:54:46.733 I/View    (11877): Key down dispatch to android.widget.EditText{44911c70 VFED..CL .F....ID 0,0-957,121 #7f0d0125 app:id/login_user_name_ed}, event = KeyEvent { action=ACTION_DOWN, hashcode=android.view.KeyEvent@451c40d0, keyCode=KEYCODE_0, scanCode=0, metaState=0, flags=0x0, repeatCount=0, eventTime=34966720, downTime=34966598, deviceId=-1, source=0x101 }
12-27 16:54:46.755 I/View    (11877): Key down dispatch to android.widget.EditText{44911c70 VFED..CL .F...... 0,0-957,121 #7f0d0125 app:id/login_user_name_ed}, event = KeyEvent { action=ACTION_DOWN, hashcode=android.view.KeyEvent@451d8a58, keyCode=KEYCODE_2, scanCode=0, metaState=0, flags=0x0, repeatCount=0, eventTime=34966742, downTime=34966598, deviceId=-1, source=0x101 }
12-27 16:54:46.765 I/View    (11877): Key down dispatch to android.widget.EditText{44911c70 VFED..CL .F....ID 0,0-957,121 #7f0d0125 app:id/login_user_name_ed}, event = KeyEvent { action=ACTION_DOWN, hashcode=android.view.KeyEvent@451e7070, keyCode=KEYCODE_7, scanCode=0, metaState=0, flags=0x0, repeatCount=0, eventTime=34966753, downTime=34966598, deviceId=-1, source=0x101 }
12-27 16:54:46.787 I/View    (11877): Key down dispatch to android.widget.EditText{44911c70 VFED..CL .F...... 0,0-957,121 #7f0d0125 app:id/login_user_name_ed}, event = KeyEvent { action=ACTION_DOWN, hashcode=android.view.KeyEvent@451fb8e8, keyCode=KEYCODE_4, scanCode=0, metaState=0, flags=0x0, repeatCount=0, eventTime=34966773, downTime=34966598, deviceId=-1, source=0x101 }
12-27 16:54:46.798 I/View    (11877): Key down dispatch to android.widget.EditText{44911c70 VFED..CL .F....ID 0,0-957,121 #7f0d0125 app:id/login_user_name_ed}, event = KeyEvent { action=ACTION_DOWN, hashcode=android.view.KeyEvent@45209f28, keyCode=KEYCODE_1, scanCode=0, metaState=0, flags=0x0, repeatCount=0, eventTime=34966786, downTime=34966598, deviceId=-1, source=0x101 }
12-27 16:54:47.816 I/BufferQueue(  244): [com.djr.zichanjia/com.djr.zichanjia.activity.LoginActivity](this:0xb8d3f260,id:368,api:1,p:11877,c:244) queueBuffer: fps=6.02 dur=1162.19 max=501.55 min=30.35
12-27 16:54:48.824 I/BufferQueue(  244): [com.djr.zichanjia/com.djr.zichanjia.activity.LoginActivity](this:0xb8d3f260,id:368,api:1,p:11877,c:244) queueBuffer: fps=1.98 dur=1008.36 max=504.65 min=503.71
12-27 16:54:50.002 I/BufferQueue(  244): [com.djr.zichanjia/com.djr.zichanjia.activity.LoginActivity](this:0xb8d3f260,id:368,api:1,p:11877,c:244) queueBuffer: fps=2.55 dur=1177.53 max=503.29 min=172.03
12-27 16:54:51.007 I/BufferQueue(  244): [com.djr.zichanjia/com.djr.zichanjia.activity.LoginActivity](this:0xb8d3f260,id:368,api:1,p:11877,c:244) queueBuffer: fps=1.99 dur=1005.33 max=502.75 min=502.58
12-27 16:54:51.283 I/View    (11877): Key down dispatch to android.widget.EditText{44914970 VFED..CL .F...... 0,124-957,246 #7f0d0126 app:id/login_user_pad_ed}, event = KeyEvent { action=ACTION_DOWN, hashcode=android.view.KeyEvent@45543be0, keyCode=KEYCODE_DEL, scanCode=0, metaState=0, flags=0x0, repeatCount=0, eventTime=34971266, downTime=34971266, deviceId=-1, source=0x101 }
12-27 16:54:52.015 I/BufferQueue(  244): [com.djr.zichanjia/com.djr.zichanjia.activity.LoginActivity](this:0xb8d3f260,id:368,api:1,p:11877,c:244) queueBuffer: fps=1.98 dur=1008.26 max=504.77 min=503.49
12-27 16:54:53.515 I/BufferQueue(  244): [com.djr.zichanjia/com.djr.zichanjia.activity.LoginActivity](this:0xb8d3f260,id:368,api:1,p:11877,c:244) queueBuffer: fps=2.00 dur=1499.97 max=505.77 min=488.73
12-27 16:54:53.604 I/View    (11877): Key down dispatch to android.widget.EditText{44914970 VFED..CL .F...... 0,124-957,246 #7f0d0126 app:id/login_user_pad_ed}, event = KeyEvent { action=ACTION_DOWN, hashcode=android.view.KeyEvent@45077c10, keyCode=KEYCODE_DEL, scanCode=0, metaState=0, flags=0x0, repeatCount=0, eventTime=34973589, downTime=34973589, deviceId=-1, source=0x101 }
12-27 16:54:53.627 I/View    (11877): Key down dispatch to android.widget.EditText{44914970 VFED..CL .F...... 0,124-957,246 #7f0d0126 app:id/login_user_pad_ed}, event = KeyEvent { action=ACTION_DOWN, hashcode=android.view.KeyEvent@4496fd30, keyCode=KEYCODE_Q, scanCode=0, metaState=0, flags=0x0, repeatCount=0, eventTime=34973607, downTime=34973607, deviceId=-1, source=0x101 }
12-27 16:54:53.648 I/View    (11877): Key down dispatch to android.widget.EditText{44914970 VFED..CL .F....ID 0,124-957,246 #7f0d0126 app:id/login_user_pad_ed}, event = KeyEvent { action=ACTION_DOWN, hashcode=android.view.KeyEvent@44989760, keyCode=KEYCODE_W, scanCode=0, metaState=0, flags=0x0, repeatCount=0, eventTime=34973635, downTime=34973607, deviceId=-1, source=0x101 }
12-27 16:54:53.680 I/View    (11877): Key down dispatch to android.widget.EditText{44914970 VFED..CL .F...... 0,124-957,246 #7f0d0126 app:id/login_user_pad_ed}, event = KeyEvent { action=ACTION_DOWN, hashcode=android.view.KeyEvent@429b4c30, keyCode=KEYCODE_E, scanCode=0, metaState=0, flags=0x0, repeatCount=0, eventTime=34973666, downTime=34973607, deviceId=-1, source=0x101 }
12-27 16:54:53.690 I/View    (11877): Key down dispatch to android.widget.EditText{44914970 VFED..CL .F....ID 0,124-957,246 #7f0d0126 app:id/login_user_pad_ed}, event = KeyEvent { action=ACTION_DOWN, hashcode=android.view.KeyEvent@42b75e68, keyCode=KEYCODE_A, scanCode=0, metaState=0, flags=0x0, repeatCount=0, eventTime=34973678, downTime=34973607, deviceId=-1, source=0x101 }
12-27 16:54:53.713 I/View    (11877): Key down dispatch to android.widget.EditText{44914970 VFED..CL .F...... 0,124-957,246 #7f0d0126 app:id/login_user_pad_ed}, event = KeyEvent { action=ACTION_DOWN, hashcode=android.view.KeyEvent@429e9c80, keyCode=KEYCODE_S, scanCode=0, metaState=0, flags=0x0, repeatCount=0, eventTime=34973689, downTime=34973607, deviceId=-1, source=0x101 }
12-27 16:54:53.725 I/View    (11877): Key down dispatch to android.widget.EditText{44914970 VFED..CL .F....ID 0,124-957,246 #7f0d0126 app:id/login_user_pad_ed}, event = KeyEvent { action=ACTION_DOWN, hashcode=android.view.KeyEvent@45192b50, keyCode=KEYCODE_D, scanCode=0, metaState=0, flags=0x0, repeatCount=0, eventTime=34973713, downTime=34973607, deviceId=-1, source=0x101 }
12-27 16:54:53.752 I/View    (11877): Key down dispatch to android.widget.EditText{44914970 VFED..CL .F...... 0,124-957,246 #7f0d0126 app:id/login_user_pad_ed}, event = KeyEvent { action=ACTION_DOWN, hashcode=android.view.KeyEvent@4297dec8, keyCode=KEYCODE_1, scanCode=0, metaState=0, flags=0x0, repeatCount=0, eventTime=34973736, downTime=34973607, deviceId=-1, source=0x101 }
12-27 16:54:53.763 I/View    (11877): Key down dispatch to android.widget.EditText{44914970 VFED..CL .F....ID 0,124-957,246 #7f0d0126 app:id/login_user_pad_ed}, event = KeyEvent { action=ACTION_DOWN, hashcode=android.view.KeyEvent@429c5fd8, keyCode=KEYCODE_2, scanCode=0, metaState=0, flags=0x0, repeatCount=0, eventTime=34973750, downTime=34973607, deviceId=-1, source=0x101 }
12-27 16:54:53.793 I/View    (11877): Key down dispatch to android.widget.EditText{44914970 VFED..CL .F...... 0,124-957,246 #7f0d0126 app:id/login_user_pad_ed}, event = KeyEvent { action=ACTION_DOWN, hashcode=android.view.KeyEvent@450603c8, keyCode=KEYCODE_3, scanCode=0, metaState=0, flags=0x0, repeatCount=0, eventTime=34973779, downTime=34973607, deviceId=-1, source=0x101 }
12-27 16:54:54.828 I/BufferQueue(  244): [com.djr.zichanjia/com.djr.zichanjia.activity.LoginActivity](this:0xb8d3f260,id:368,api:1,p:11877,c:244) queueBuffer: fps=5.33 dur=1313.28 max=513.32 min=26.88
12-27 16:54:56.331 I/BufferQueue(  244): [com.djr.zichanjia/com.djr.zichanjia.activity.LoginActivity](this:0xb8d3f260,id:368,api:1,p:11877,c:244) queueBuffer: fps=2.66 dur=1502.28 max=508.52 min=8.62
12-27 16:54:57.342 I/BufferQueue(  244): [com.djr.zichanjia/com.djr.zichanjia.activity.LoginActivity](this:0xb8d3f260,id:368,api:1,p:11877,c:244) queueBuffer: fps=1.98 dur=1011.35 max=506.27 min=505.07
12-27 16:54:58.838 I/BufferQueue(  244): [com.djr.zichanjia/com.djr.zichanjia.activity.LoginActivity](this:0xb8d3f260,id:368,api:1,p:11877,c:244) queueBuffer: fps=2.01 dur=1495.80 max=504.11 min=487.73
12-27 16:54:59.847 I/BufferQueue(  244): [com.djr.zichanjia/com.djr.zichanjia.activity.LoginActivity](this:0xb8d3f260,id:368,api:1,p:11877,c:244) queueBuffer: fps=1.98 dur=1008.71 max=504.63 min=504.08
12-27 16:55:00.849 I/BufferQueue(  244): [com.djr.zichanjia/com.djr.zichanjia.activity.LoginActivity](this:0xb8d3f260,id:368,api:1,p:11877,c:244) queueBuffer: fps=2.00 dur=1002.47 max=502.81 min=499.66
12-27 16:55:01.862 I/BufferQueue(  244): [com.djr.zichanjia/com.djr.zichanjia.activity.LoginActivity](this:0xb8d3f260,id:368,api:1,p:11877,c:244) queueBuffer: fps=1.97 dur=1013.34 max=507.79 min=505.55
12-27 16:55:03.360 I/BufferQueue(  244): [com.djr.zichanjia/com.djr.zichanjia.activity.LoginActivity](this:0xb8d3f260,id:368,api:1,p:11877,c:244) queueBuffer: fps=2.00 dur=1497.23 max=505.76 min=486.46
12-27 16:55:04.861 I/BufferQueue(  244): [com.djr.zichanjia/com.djr.zichanjia.activity.LoginActivity](this:0xb8d3f260,id:368,api:1,p:11877,c:244) queueBuffer: fps=2.00 dur=1500.90 max=506.88 min=488.44
12-27 16:55:05.870 I/BufferQueue(  244): [com.djr.zichanjia/com.djr.zichanjia.activity.LoginActivity](this:0xb8d3f260,id:368,api:1,p:11877,c:244) queueBuffer: fps=1.98 dur=1009.70 max=504.95 min=504.75
12-27 16:55:07.375 I/BufferQueue(  244): [com.djr.zichanjia/com.djr.zichanjia.activity.LoginActivity](this:0xb8d3f260,id:368,api:1,p:11877,c:244) queueBuffer: fps=1.99 dur=1504.97 max=509.13 min=489.18
12-27 16:55:08.873 I/BufferQueue(  244): [com.djr.zichanjia/com.djr.zichanjia.activity.LoginActivity](this:0xb8d3f260,id:368,api:1,p:11877,c:244) queueBuffer: fps=2.00 dur=1497.65 max=506.56 min=488.27
12-27 16:55:10.371 I/BufferQueue(  244): [com.djr.zichanjia/com.djr.zichanjia.activity.LoginActivity](this:0xb8d3f260,id:368,api:1,p:11877,c:244) queueBuffer: fps=2.00 dur=1497.62 max=504.96 min=488.93
12-27 16:55:11.385 I/BufferQueue(  244): [com.djr.zichanjia/com.djr.zichanjia.activity.LoginActivity](this:0xb8d3f260,id:368,api:1,p:11877,c:244) queueBuffer: fps=1.97 dur=1014.17 max=507.97 min=506.20
12-27 16:55:12.392 I/BufferQueue(  244): [com.djr.zichanjia/com.djr.zichanjia.activity.LoginActivity](this:0xb8d3f260,id:368,api:1,p:11877,c:244) queueBuffer: fps=1.99 dur=1007.43 max=504.20 min=503.24
12-27 16:55:13.895 I/BufferQueue(  244): [com.djr.zichanjia/com.djr.zichanjia.activity.LoginActivity](this:0xb8d3f260,id:368,api:1,p:11877,c:244) queueBuffer: fps=2.00 dur=1502.97 max=505.66 min=492.43
12-27 16:55:15.413 I/BufferQueue(  244): [com.djr.zichanjia/com.djr.zichanjia.activity.LoginActivity](this:0xb8d3f260,id:368,api:1,p:11877,c:244) queueBuffer: fps=1.98 dur=1517.81 max=521.63 min=489.50
12-27 16:55:16.911 I/BufferQueue(  244): [com.djr.zichanjia/com.djr.zichanjia.activity.LoginActivity](this:0xb8d3f260,id:368,api:1,p:11877,c:244) queueBuffer: fps=2.00 dur=1498.37 max=505.34 min=487.79
12-27 16:55:18.416 I/BufferQueue(  244): [com.djr.zichanjia/com.djr.zichanjia.activity.LoginActivity](this:0xb8d3f260,id:368,api:1,p:11877,c:244) queueBuffer: fps=1.99 dur=1504.28 max=507.97 min=488.84
12-27 16:55:19.427 I/BufferQueue(  244): [com.djr.zichanjia/com.djr.zichanjia.activity.LoginActivity](this:0xb8d3f260,id:368,api:1,p:11877,c:244) queueBuffer: fps=1.98 dur=1011.35 max=506.51 min=504.84
12-27 16:55:20.436 I/BufferQueue(  244): [com.djr.zichanjia/com.djr.zichanjia.activity.LoginActivity](this:0xb8d3f260,id:368,api:1,p:11877,c:244) queueBuffer: fps=1.98 dur=1009.50 max=506.02 min=503.48
12-27 16:55:21.448 I/BufferQueue(  244): [com.djr.zichanjia/com.djr.zichanjia.activity.LoginActivity](this:0xb8d3f260,id:368,api:1,p:11877,c:244) queueBuffer: fps=1.98 dur=1011.69 max=506.00 min=505.69
12-27 16:55:22.950 I/BufferQueue(  244): [com.djr.zichanjia/com.djr.zichanjia.activity.LoginActivity](this:0xb8d3f260,id:368,api:1,p:11877,c:244) queueBuffer: fps=2.00 dur=1501.94 max=507.07 min=489.00
12-27 16:55:24.449 I/BufferQueue(  244): [com.djr.zichanjia/com.djr.zichanjia.activity.LoginActivity](this:0xb8d3f260,id:368,api:1,p:11877,c:244) queueBuffer: fps=2.00 dur=1498.46 max=506.32 min=489.04
12-27 16:55:25.462 I/BufferQueue(  244): [com.djr.zichanjia/com.djr.zichanjia.activity.LoginActivity](this:0xb8d3f260,id:368,api:1,p:11877,c:244) queueBuffer: fps=1.97 dur=1013.14 max=507.66 min=505.48
12-27 16:55:26.961 I/BufferQueue(  244): [com.djr.zichanjia/com.djr.zichanjia.activity.LoginActivity](this:0xb8d3f260,id:368,api:1,p:11877,c:244) queueBuffer: fps=2.00 dur=1499.54 max=507.17 min=487.76
12-27 16:55:27.966 I/BufferQueue(  244): [com.djr.zichanjia/com.djr.zichanjia.activity.LoginActivity](this:0xb8d3f260,id:368,api:1,p:11877,c:244) queueBuffer: fps=1.99 dur=1004.78 max=506.61 min=498.17
12-27 16:55:29.478 I/BufferQueue(  244): [com.djr.zichanjia/com.djr.zichanjia.activity.LoginActivity](this:0xb8d3f260,id:368,api:1,p:11877,c:244) queueBuffer: fps=1.98 dur=1512.44 max=515.74 min=497.48
12-27 16:55:30.974 I/BufferQueue(  244): [com.djr.zichanjia/com.djr.zichanjia.activity.LoginActivity](this:0xb8d3f260,id:368,api:1,p:11877,c:244) queueBuffer: fps=2.01 dur=1495.91 max=500.62 min=496.97
12-27 16:55:32.473 I/BufferQueue(  244): [com.djr.zichanjia/com.djr.zichanjia.activity.LoginActivity](this:0xb8d3f260,id:368,api:1,p:11877,c:244) queueBuffer: fps=2.00 dur=1498.83 max=504.20 min=495.29
12-27 16:55:33.484 I/BufferQueue(  244): [com.djr.zichanjia/com.djr.zichanjia.activity.LoginActivity](this:0xb8d3f260,id:368,api:1,p:11877,c:244) queueBuffer: fps=1.98 dur=1011.15 max=506.89 min=504.27
12-27 16:55:34.983 I/BufferQueue(  244): [com.djr.zichanjia/com.djr.zichanjia.activity.LoginActivity](this:0xb8d3f260,id:368,api:1,p:11877,c:244) queueBuffer: fps=2.00 dur=1498.79 max=506.04 min=486.77
12-27 16:55:35.994 I/BufferQueue(  244): [com.djr.zichanjia/com.djr.zichanjia.activity.LoginActivity](this:0xb8d3f260,id:368,api:1,p:11877,c:244) queueBuffer: fps=1.98 dur=1011.04 max=506.77 min=504.27
12-27 16:55:37.496 I/BufferQueue(  244): [com.djr.zichanjia/com.djr.zichanjia.activity.LoginActivity](this:0xb8d3f260,id:368,api:1,p:11877,c:244) queueBuffer: fps=2.00 dur=1502.12 max=508.73 min=489.34
12-27 16:55:38.996 I/BufferQueue(  244): [com.djr.zichanjia/com.djr.zichanjia.activity.LoginActivity](this:0xb8d3f260,id:368,api:1,p:11877,c:244) queueBuffer: fps=2.00 dur=1500.16 max=509.21 min=488.94
12-27 16:55:40.496 I/BufferQueue(  244): [com.djr.zichanjia/com.djr.zichanjia.activity.LoginActivity](this:0xb8d3f260,id:368,api:1,p:11877,c:244) queueBuffer: fps=2.00 dur=1499.91 max=506.88 min=488.53
12-27 16:55:41.508 I/BufferQueue(  244): [com.djr.zichanjia/com.djr.zichanjia.activity.LoginActivity](this:0xb8d3f260,id:368,api:1,p:11877,c:244) queueBuffer: fps=1.98 dur=1011.57 max=506.18 min=505.39
12-27 16:55:43.012 I/BufferQueue(  244): [com.djr.zichanjia/com.djr.zichanjia.activity.LoginActivity](this:0xb8d3f260,id:368,api:1,p:11877,c:244) queueBuffer: fps=1.99 dur=1504.00 max=508.12 min=488.63
12-27 16:55:44.512 I/BufferQueue(  244): [com.djr.zichanjia/com.djr.zichanjia.activity.LoginActivity](this:0xb8d3f260,id:368,api:1,p:11877,c:244) queueBuffer: fps=2.00 dur=1500.04 max=507.32 min=488.48
12-27 16:55:45.522 I/BufferQueue(  244): [com.djr.zichanjia/com.djr.zichanjia.activity.LoginActivity](this:0xb8d3f260,id:368,api:1,p:11877,c:244) queueBuffer: fps=1.98 dur=1010.35 max=505.72 min=504.63
12-27 16:55:46.534 I/BufferQueue(  244): [com.djr.zichanjia/com.djr.zichanjia.activity.LoginActivity](this:0xb8d3f260,id:368,api:1,p:11877,c:244) queueBuffer: fps=1.98 dur=1011.76 max=506.66 min=505.10
12-27 16:55:47.542 I/BufferQueue(  244): [com.djr.zichanjia/com.djr.zichanjia.activity.LoginActivity](this:0xb8d3f260,id:368,api:1,p:11877,c:244) queueBuffer: fps=1.98 dur=1008.04 max=506.61 min=501.42
12-27 16:55:48.553 I/BufferQueue(  244): [com.djr.zichanjia/com.djr.zichanjia.activity.LoginActivity](this:0xb8d3f260,id:368,api:1,p:11877,c:244) queueBuffer: fps=1.98 dur=1010.91 max=506.10 min=504.81
12-27 16:55:50.052 I/BufferQueue(  244): [com.djr.zichanjia/com.djr.zichanjia.activity.LoginActivity](this:0xb8d3f260,id:368,api:1,p:11877,c:244) queueBuffer: fps=2.00 dur=1499.03 max=505.52 min=488.06
12-27 16:55:51.064 I/BufferQueue(  244): [com.djr.zichanjia/com.djr.zichanjia.activity.LoginActivity](this:0xb8d3f260,id:368,api:1,p:11877,c:244) queueBuffer: fps=1.98 dur=1012.05 max=506.23 min=505.83
12-27 16:55:52.567 I/BufferQueue(  244): [com.djr.zichanjia/com.djr.zichanjia.activity.LoginActivity](this:0xb8d3f260,id:368,api:1,p:11877,c:244) queueBuffer: fps=2.00 dur=1502.87 max=509.08 min=489.91
12-27 16:55:53.575 I/BufferQueue(  244): [com.djr.zichanjia/com.djr.zichanjia.activity.LoginActivity](this:0xb8d3f260,id:368,api:1,p:11877,c:244) queueBuffer: fps=1.98 dur=1008.03 max=513.88 min=494.15
12-27 16:55:55.074 I/BufferQueue(  244): [com.djr.zichanjia/com.djr.zichanjia.activity.LoginActivity](this:0xb8d3f260,id:368,api:1,p:11877,c:244) queueBuffer: fps=2.00 dur=1499.46 max=509.93 min=492.56
12-27 16:58:32.826 I/libPerfService(  814): set_rootgroup - tid: 11877
12-27 16:58:32.854 I/ActivityManager(  814): START u0 {cmp=com.djr.zichanjia/.activity.SplashActivity} from pid 11877
12-27 16:58:32.854 E/ActivityManager(  814): START {cmp=com.djr.zichanjia/.activity.SplashActivity u=0} from pid 11877
12-27 16:58:32.871 I/BufferQueue(  244): [com.djr.zichanjia/com.djr.zichanjia.activity.LoginActivity](this:0xb8db2408,id:372,api:1,p:11877,c:244) connect: api=1 producer=(11877:com.djr.zichanjia) producerControlledByApp=true
12-27 16:58:32.872 I/BufferQueue(  244): [com.djr.zichanjia/com.djr.zichanjia.activity.LoginActivity](this:0xb8db2408,id:372,api:1,p:11877,c:244) new GraphicBuffer needed
12-27 16:58:32.906 I/BufferQueue(  244): [com.djr.zichanjia/com.djr.zichanjia.activity.LoginActivity](this:0xb8db2408,id:372,api:1,p:11877,c:244) new GraphicBuffer needed
12-27 16:58:32.963 I/dalvikvm(11877): Jit: resizing JitTable from 4096 to 8192
12-27 16:58:32.982 W/ProxyFactroy(11900): instance_base
12-27 16:58:32.982 W/ProxyFactroy(11900): java.lang.ClassNotFoundException: org.android.agoo.impl.ControlService
12-27 16:58:32.982 W/ProxyFactroy(11900): 	at java.lang.Class.classForName(Native Method)
12-27 16:58:32.982 W/ProxyFactroy(11900): 	at java.lang.Class.forName(Class.java:251)
12-27 16:58:32.982 W/ProxyFactroy(11900): 	at java.lang.Class.forName(Class.java:216)
12-27 16:58:32.982 W/ProxyFactroy(11900): 	at org.android.agoo.d.a.a(ProxyFactroy.java:26)
12-27 16:58:32.982 W/ProxyFactroy(11900): 	at org.android.agoo.d.a.getInstance(ProxyFactroy.java:14)
12-27 16:58:32.982 W/ProxyFactroy(11900): 	at org.android.agoo.client.BaseIntentService.onHandleIntent(BaseIntentService.java:71)
12-27 16:58:32.982 W/ProxyFactroy(11900): 	at android.app.IntentService$ServiceHandler.handleMessage(IntentService.java:65)
12-27 16:58:32.982 W/ProxyFactroy(11900): 	at android.os.Handler.dispatchMessage(Handler.java:110)
12-27 16:58:32.982 W/ProxyFactroy(11900): 	at android.os.Looper.loop(Looper.java:193)
12-27 16:58:32.982 W/ProxyFactroy(11900): 	at android.os.HandlerThread.run(HandlerThread.java:61)
12-27 16:58:32.982 W/ProxyFactroy(11900): Caused by: java.lang.NoClassDefFoundError: org/android/agoo/impl/ControlService
12-27 16:58:32.982 W/ProxyFactroy(11900): 	... 10 more
12-27 16:58:32.982 W/ProxyFactroy(11900): Caused by: java.lang.ClassNotFoundException: Didn't find class "org.android.agoo.impl.ControlService" on path: DexPathList[[zip file "/data/app/com.djr.zichanjia-1.apk"],nativeLibraryDirectories=[/data/app-lib/com.djr.zichanjia-1, /vendor/lib, /system/lib]]
12-27 16:58:32.982 W/ProxyFactroy(11900): 	at dalvik.system.BaseDexClassLoader.findClass(BaseDexClassLoader.java:56)
12-27 16:58:32.982 W/ProxyFactroy(11900): 	at java.lang.ClassLoader.loadClass(ClassLoader.java:497)
12-27 16:58:32.982 W/ProxyFactroy(11900): 	at java.lang.ClassLoader.loadClass(ClassLoader.java:457)
12-27 16:58:32.982 W/ProxyFactroy(11900): 	... 10 more
12-27 16:58:33.050 I/System.out(11877): propertyValue:true
12-27 16:58:33.050 I/System.out(11877): [socket][3] connection alog.umeng.com/110.173.196.36:80;LocalPort=53144(10000)
12-27 16:58:33.050 I/System.out(11877): [CDS]connect[alog.umeng.com/110.173.196.36:80] tm:10
12-27 16:58:33.553 I/BufferQueue(  244): [com.djr.zichanjia/com.djr.zichanjia.activity.LoginActivity](this:0xb8db2408,id:372,api:1,p:11877,c:244) new GraphicBuffer needed
12-27 16:58:33.562 I/BufferQueue(  244): [com.djr.zichanjia/com.djr.zichanjia.activity.LoginActivity](this:0xb8db2408,id:372,api:1,p:11877,c:244) new GraphicBuffer needed
12-27 16:58:34.070 I/BufferQueue(  244): [com.djr.zichanjia/com.djr.zichanjia.activity.LoginActivity](this:0xb8db2408,id:372,api:1,p:11877,c:244) queueBuffer: fps=2.58 dur=1164.32 max=647.56 min=8.35
12-27 16:58:35.105 I/BufferQueue(  244): [PopupWindow:4539d388](this:0xb8c4bba8,id:374,api:1,p:11877,c:244) connect: api=1 producer=(11877:com.djr.zichanjia) producerControlledByApp=true
12-27 16:58:35.106 I/BufferQueue(  244): [PopupWindow:4539d388](this:0xb8c4bba8,id:374,api:1,p:11877,c:244) new GraphicBuffer needed
12-27 16:58:35.127 I/BufferQueue(  244): [com.djr.zichanjia/com.djr.zichanjia.activity.LoginActivity](this:0xb8db2408,id:372,api:1,p:11877,c:244) queueBuffer: fps=1.89 dur=1057.01 max=551.81 min=505.20
12-27 16:58:35.132 I/BufferQueue(  244): [PopupWindow:4539d388](this:0xb8c4bba8,id:374,api:1,p:11877,c:244) new GraphicBuffer needed
12-27 16:58:36.129 I/BufferQueue(  244): [com.djr.zichanjia/com.djr.zichanjia.activity.LoginActivity](this:0xb8db2408,id:372,api:1,p:11877,c:244) queueBuffer: fps=2.99 dur=1002.16 max=487.60 min=52.18
12-27 16:58:36.184 E/gsc     (11877): ---------is_remmber_login_name,click set true
12-27 16:58:36.225 I/System.out(11877): {"passWord":"qweasd123","loginName":"18511302741"}
12-27 16:58:36.227 E/gsc     (11877): istvBAckV5qDaj2G//yfUw2hPFqEAJ7V5WnA6txaQwUfysxAReZBCnmQm8gliatcTx6yvwvc/jHw=
12-27 16:58:36.227 E/gsc     (11877): 登录请求url：   http://10.167.201.176:9090/zcj/front/login/userLogin?uUserName=18511302741&uPassword=qweasd123&origin=2
12-27 16:58:36.229 I/System.out(11877): [CDS]rx timeout:1
12-27 16:58:36.229 I/System.out(11877): [CDS]rx timeout:60000
12-27 16:58:36.230 I/System.out(11877): [CDS]close[35203]
12-27 16:58:36.230 I/System.out(11877): close [socket][/0.0.0.0:35203]
12-27 16:58:36.230 I/System.out(11877): [CDS]rx timeout:60000
12-27 16:58:36.230 I/System.out(11877): [socket][4] connection /10.167.201.176:9090;LocalPort=43472(60000)
12-27 16:58:36.230 I/System.out(11877): [CDS]connect[/10.167.201.176:9090] tm:60
12-27 16:58:36.234 I/System.out(11877): [socket][/10.167.170.43:43472] connected
12-27 16:58:36.234 I/System.out(11877): [CDS]rx timeout:60000
12-27 16:58:36.243 I/BufferQueue(  244): [com.djr.zichanjia/com.djr.zichanjia.activity.LoginActivity](this:0xb8d99c48,id:375,api:1,p:11877,c:244) connect: api=1 producer=(11877:com.djr.zichanjia) producerControlledByApp=true
12-27 16:58:36.243 I/BufferQueue(  244): [com.djr.zichanjia/com.djr.zichanjia.activity.LoginActivity](this:0xb8d99c48,id:375,api:1,p:11877,c:244) new GraphicBuffer needed
12-27 16:58:36.261 I/BufferQueue(  244): [com.djr.zichanjia/com.djr.zichanjia.activity.LoginActivity](this:0xb8d99c48,id:375,api:1,p:11877,c:244) new GraphicBuffer needed
12-27 16:58:36.277 I/BufferQueue(  244): [com.djr.zichanjia/com.djr.zichanjia.activity.LoginActivity](this:0xb8d99c48,id:375,api:1,p:11877,c:244) new GraphicBuffer needed
12-27 16:58:36.293 I/BufferQueue(  244): [com.djr.zichanjia/com.djr.zichanjia.activity.LoginActivity](this:0xb8d99c48,id:375,api:1,p:11877,c:244) new GraphicBuffer needed
12-27 16:58:36.346 E/responseString(11877): {"status":"1","message":"成功","data":[{"realName":"李晶","beforeLoginTime":"2016-12-27 16:44:00","balance":0.0,"isEmailChecked":0,"nameChecked":1,"magicUser":0,"userName":"ZCJ274153004","token":"ZCJ_USER_LOGIN_APPde74fc593056301548da2e0dc7130dab_18511302741"}]}
12-27 16:58:36.413 I/BufferQueue(  244): [com.djr.zichanjia/com.djr.zichanjia.activity.LoginActivity](this:0xb8de0498,id:376,api:1,p:11877,c:244) connect: api=1 producer=(11877:com.djr.zichanjia) producerControlledByApp=true
12-27 16:58:36.414 I/BufferQueue(  244): [com.djr.zichanjia/com.djr.zichanjia.activity.LoginActivity](this:0xb8de0498,id:376,api:1,p:11877,c:244) new GraphicBuffer needed
12-27 16:58:36.451 I/BufferQueue(  244): [com.djr.zichanjia/com.djr.zichanjia.activity.LoginActivity](this:0xb8de0498,id:376,api:1,p:11877,c:244) new GraphicBuffer needed
12-27 16:58:40.701 I/System.out(11877): [CDS]rx timeout:60000
12-27 16:58:40.755 I/BufferQueue(  244): [com.djr.zichanjia/com.djr.zichanjia.activity.LoginActivity](this:0xb8d2bc90,id:377,api:1,p:11877,c:244) connect: api=1 producer=(11877:com.djr.zichanjia) producerControlledByApp=true
12-27 16:58:40.756 I/BufferQueue(  244): [com.djr.zichanjia/com.djr.zichanjia.activity.LoginActivity](this:0xb8d2bc90,id:377,api:1,p:11877,c:244) new GraphicBuffer needed
12-27 16:58:40.779 I/BufferQueue(  244): [com.djr.zichanjia/com.djr.zichanjia.activity.LoginActivity](this:0xb8db2408,id:372,api:1,p:11877,c:244) queueBuffer: fps=0.65 dur=4650.26 max=4482.10 min=47.64
12-27 16:58:40.787 I/BufferQueue(  244): [com.djr.zichanjia/com.djr.zichanjia.activity.LoginActivity](this:0xb8d2bc90,id:377,api:1,p:11877,c:244) new GraphicBuffer needed
12-27 16:58:40.803 I/BufferQueue(  244): [com.djr.zichanjia/com.djr.zichanjia.activity.LoginActivity](this:0xb8d2bc90,id:377,api:1,p:11877,c:244) new GraphicBuffer needed
12-27 16:58:40.815 I/BufferQueue(  244): [com.djr.zichanjia/com.djr.zichanjia.activity.LoginActivity](this:0xb8d2bc90,id:377,api:1,p:11877,c:244) new GraphicBuffer needed
12-27 16:58:41.246 I/ActivityManager(  814): START u0 {cmp=com.djr.zichanjia/.activity.FuYouWebActivity (has extras)} from pid 11877
12-27 16:58:41.246 E/ActivityManager(  814): START {cmp=com.djr.zichanjia/.activity.FuYouWebActivity (has extras) u=0} from pid 11877
12-27 16:58:41.345 I/LibraryLoader(11877): Expected native library version number "",actual native library version number ""
12-27 16:58:41.345 I/chromium(11877): [INFO:library_loader_hooks.cc(116)] Chromium logging enabled: level = 0, default verbosity = 0
12-27 16:58:41.346 I/BrowserStartupController(11877): Initializing chromium process, renderers=0
12-27 16:58:41.373 W/chromium(11877): [WARNING:proxy_config_service_android.cc(341)] PROXY>>> bypass->
12-27 16:58:41.380 E/SQLiteLog(11877): (10) Failed to do file read, got: 0, amt: 100, last Errno: 2
12-27 16:58:41.380 E/SQLiteLog(11877): 
12-27 16:58:41.414 W/chromium(11877): [WARNING:proxy_service.cc(890)] PAC support disabled because there is no system implementation
12-27 16:58:41.443 W/chromium(11877): [WARNING:password_handler.cc(26)] create-->contents = 0x7b4d2610, delegate = 0x7b502920
12-27 16:58:41.443 W/chromium(11877): [WARNING:password_handler.cc(34)] attaching to web_contents 
12-27 16:58:41.497 I/System.out(11877): [CDS]rx timeout:1
12-27 16:58:41.499 I/System.out(11877): [CDS]EAGAIN in Recvfrom
12-27 16:58:41.499 I/System.out(11877): [CDS]read byte is 0
12-27 16:58:41.500 I/System.out(11877): [CDS]rx timeout:60000
12-27 16:58:41.500 I/System.out(11877): [CDS]rx timeout:60000
12-27 16:58:41.554 I/BufferQueue(  244): [com.djr.zichanjia/com.djr.zichanjia.activity.FuYouWebActivity](this:0xb8d9dbc0,id:378,api:1,p:11877,c:244) connect: api=1 producer=(11877:com.djr.zichanjia) producerControlledByApp=true
12-27 16:58:41.555 I/BufferQueue(  244): [com.djr.zichanjia/com.djr.zichanjia.activity.FuYouWebActivity](this:0xb8d9dbc0,id:378,api:1,p:11877,c:244) new GraphicBuffer needed
12-27 16:58:41.558 I/chromium(11877): [INFO:layer_tree_settings.cc(71)] [LayerTreeSettings] num_raster_threads is 1
12-27 16:58:41.558 I/chromium(11877): [INFO:render_widget_compositor.cc(273)] [RenderWidgetCompositor::Create] [384,384] [512,512] gpuRaster=[0] [1] [128] [100] [1]
12-27 16:58:41.566 W/AwContents(11877): getEffectiveBackgroundColor
12-27 16:58:41.568 I/BufferQueue(  244): [com.djr.zichanjia/com.djr.zichanjia.activity.FuYouWebActivity](this:0xb8d9dbc0,id:378,api:1,p:11877,c:244) new GraphicBuffer needed
12-27 16:58:41.569 W/ProxyFactroy(11900): instance_base
12-27 16:58:41.569 W/ProxyFactroy(11900): java.lang.ClassNotFoundException: org.android.agoo.impl.ControlService
12-27 16:58:41.569 W/ProxyFactroy(11900): 	at java.lang.Class.classForName(Native Method)
12-27 16:58:41.569 W/ProxyFactroy(11900): 	at java.lang.Class.forName(Class.java:251)
12-27 16:58:41.569 W/ProxyFactroy(11900): 	at java.lang.Class.forName(Class.java:216)
12-27 16:58:41.569 W/ProxyFactroy(11900): 	at org.android.agoo.d.a.a(ProxyFactroy.java:26)
12-27 16:58:41.569 W/ProxyFactroy(11900): 	at org.android.agoo.d.a.getInstance(ProxyFactroy.java:14)
12-27 16:58:41.569 W/ProxyFactroy(11900): 	at org.android.agoo.client.BaseIntentService.onHandleIntent(BaseIntentService.java:71)
12-27 16:58:41.569 W/ProxyFactroy(11900): 	at android.app.IntentService$ServiceHandler.handleMessage(IntentService.java:65)
12-27 16:58:41.569 W/ProxyFactroy(11900): 	at android.os.Handler.dispatchMessage(Handler.java:110)
12-27 16:58:41.569 W/ProxyFactroy(11900): 	at android.os.Looper.loop(Looper.java:193)
12-27 16:58:41.569 W/ProxyFactroy(11900): 	at android.os.HandlerThread.run(HandlerThread.java:61)
12-27 16:58:41.569 W/ProxyFactroy(11900): Caused by: java.lang.NoClassDefFoundError: org/android/agoo/impl/ControlService
12-27 16:58:41.569 W/ProxyFactroy(11900): 	... 10 more
12-27 16:58:41.569 W/ProxyFactroy(11900): Caused by: java.lang.ClassNotFoundException: Didn't find class "org.android.agoo.impl.ControlService" on path: DexPathList[[zip file "/data/app/com.djr.zichanjia-1.apk"],nativeLibraryDirectories=[/data/app-lib/com.djr.zichanjia-1, /vendor/lib, /system/lib]]
12-27 16:58:41.569 W/ProxyFactroy(11900): 	at dalvik.system.BaseDexClassLoader.findClass(BaseDexClassLoader.java:56)
12-27 16:58:41.569 W/ProxyFactroy(11900): 	at java.lang.ClassLoader.loadClass(ClassLoader.java:497)
12-27 16:58:41.569 W/ProxyFactroy(11900): 	at java.lang.ClassLoader.loadClass(ClassLoader.java:457)
12-27 16:58:41.569 W/ProxyFactroy(11900): 	... 10 more
12-27 16:58:41.584 I/        (11877): [custom_prop]custom_get_string->module[browser],key[UAProfileURL]
12-27 16:58:41.584 I/        (11877): [custom_prop]reset_parser->keep[0]
12-27 16:58:41.584 I/        (11877): [custom_prop]enter STATE_VALUE
12-27 16:58:41.584 I/        (11877): [custom_prop]enter STATE_PROP
12-27 16:58:41.584 I/        (11877): [custom_prop]prop name:ro.product.name
12-27 16:58:41.584 I/        (11877): [custom_prop]enter STATE_VALUE
12-27 16:58:41.584 I/        (11877): [custom_prop]enter STATE_PROP
12-27 16:58:41.584 I/        (11877): [custom_prop]prop name:ro.build.version.release
12-27 16:58:41.584 I/        (11877): [custom_prop]enter STATE_VALUE
12-27 16:58:41.585 I/        (11877): [custom_prop]enter STATE_PROP
12-27 16:58:41.585 I/        (11877): [custom_prop]prop name:apc.release.date
12-27 16:58:41.585 I/        (11877): [custom_prop]enter STATE_VALUE
12-27 16:58:41.585 I/        (11877): [custom_prop]enter STATE_PROP
12-27 16:58:41.585 I/        (11877): [custom_prop]prop name:ro.build.version.release
12-27 16:58:41.585 I/        (11877): [custom_prop]enter STATE_VALUE
12-27 16:58:41.585 I/        (11877): [custom_prop]reset_parser->keep[1]
12-27 16:58:41.585 I/        (11877): [custom_prop]enter STATE_VALUE
12-27 16:58:41.585 I/        (11877): [custom_prop]enter STATE_PROP
12-27 16:58:41.585 I/        (11877): [custom_prop]prop name:ro.product.name
12-27 16:58:41.585 I/        (11877): [custom_prop]enter STATE_VALUE
12-27 16:58:41.585 I/        (11877): [custom_prop]enter STATE_PROP
12-27 16:58:41.585 I/        (11877): [custom_prop]prop name:ro.build.version.release
12-27 16:58:41.585 I/        (11877): [custom_prop]enter STATE_VALUE
12-27 16:58:41.585 I/        (11877): [custom_prop]enter STATE_PROP
12-27 16:58:41.585 I/        (11877): [custom_prop]prop name:apc.release.date
12-27 16:58:41.585 I/        (11877): [custom_prop]enter STATE_VALUE
12-27 16:58:41.585 I/        (11877): [custom_prop]enter STATE_PROP
12-27 16:58:41.585 I/        (11877): [custom_prop]prop name:ro.build.version.release
12-27 16:58:41.585 I/        (11877): [custom_prop]enter STATE_VALUE
12-27 16:58:41.585 I/        (11877): [custom_prop]reset_parser->keep[1]
12-27 16:58:41.585 I/        (11877): [custom_prop]enter STATE_VALUE
12-27 16:58:41.585 I/        (11877): [custom_prop]enter STATE_PROP
12-27 16:58:41.585 I/        (11877): [custom_prop]prop name:ro.product.name
12-27 16:58:41.585 I/        (11877): [custom_prop]enter STATE_VALUE
12-27 16:58:41.585 I/        (11877): [custom_prop]reset_parser->keep[1]
12-27 16:58:41.585 I/        (11877): [custom_prop]enter STATE_VALUE
12-27 16:58:41.585 I/        (11877): [custom_prop]reset_parser->keep[1]
12-27 16:58:41.585 I/        (11877): [custom_prop]enter STATE_VALUE
12-27 16:58:41.585 I/        (11877): [custom_prop]enter STATE_PROP
12-27 16:58:41.585 I/        (11877): [custom_prop]prop name:ro.product.model
12-27 16:58:41.585 I/        (11877): [custom_prop]enter STATE_VALUE
12-27 16:58:41.585 I/        (11877): [custom_prop]reset_parser->keep[1]
12-27 16:58:41.585 I/        (11877): [custom_prop]enter STATE_VALUE
12-27 16:58:41.585 I/        (11877): [custom_prop]enter STATE_PROP
12-27 16:58:41.585 I/        (11877): [custom_prop]prop name:ro.product.model
12-27 16:58:41.585 I/        (11877): [custom_prop]enter STATE_VALUE
12-27 16:58:41.585 I/        (11877): [custom_prop]reset_parser->keep[1]
12-27 16:58:41.585 I/        (11877): [custom_prop]enter STATE_VALUE
12-27 16:58:41.585 I/        (11877): [custom_prop]reset_parser->keep[1]
12-27 16:58:41.585 I/        (11877): [custom_prop]enter STATE_VALUE
12-27 16:58:41.585 I/        (11877): [custom_prop]enter STATE_PROP
12-27 16:58:41.585 I/        (11877): [custom_prop]prop name:ro.product.model
12-27 16:58:41.585 I/        (11877): [custom_prop]enter STATE_VALUE
12-27 16:58:41.585 I/        (11877): [custom_prop]reset_parser->keep[1]
12-27 16:58:41.585 I/        (11877): [custom_prop]enter STATE_VALUE
12-27 16:58:41.585 I/        (11877): [custom_prop]enter STATE_PROP
12-27 16:58:41.585 I/        (11877): [custom_prop]prop name:ro.product.model
12-27 16:58:41.585 I/        (11877): [custom_prop]enter STATE_VALUE
12-27 16:58:41.585 I/        (11877): [custom_prop]reset_parser->keep[1]
12-27 16:58:41.585 I/        (11877): [custom_prop]enter STATE_VALUE
12-27 16:58:41.585 I/        (11877): [custom_prop]enter STATE_PROP
12-27 16:58:41.585 I/        (11877): [custom_prop]prop name:ro.mediatek.version.release
12-27 16:58:41.585 I/        (11877): [custom_prop]enter STATE_VALUE
12-27 16:58:41.585 I/        (11877): [custom_prop]reset_parser->keep[1]
12-27 16:58:41.585 I/        (11877): [custom_prop]reset_parser->keep[0]
12-27 16:58:41.586 W/AwContents(11877): getEffectiveBackgroundColor
12-27 16:58:41.588 I/BufferQueue(  244): [com.djr.zichanjia/com.djr.zichanjia.activity.FuYouWebActivity](this:0xb8d9dbc0,id:378,api:1,p:11877,c:244) new GraphicBuffer needed
12-27 16:58:41.591 I/chromium(11877): [INFO:image_raster_worker_pool.cc(111)] [ImageRasterWorkerPool] [11877] enable_image_on_raster=[1]
12-27 16:58:41.636 W/chromium(11877): [WARNING:simple_index_file.cc(338)] Could not map Simple Index file.
12-27 16:58:41.636 I/chromium(11877): [INFO:simple_index_file.cc(437)] Simple Cache Index is being restored from disk.
12-27 16:58:41.911 E/BASEACTIVITY(11877): ++++++++++++++++++++++++++++++++++
12-27 16:58:41.937 W/WebViewChromium(11877): [requestDrawGL] mGLfunctor=null
12-27 16:58:41.943 I/chromium(11877): [INFO:in_process_command_buffer.cc(408)] [InProcessCommandBuffer::InitializeOnGpuThread] [0x7ac5adc8][11877] new GpuControlService [1]
12-27 16:58:41.945 I/chromium(11877): [INFO:in_process_command_buffer.cc(408)] [InProcessCommandBuffer::InitializeOnGpuThread] [0x7b3c0148][11877] new GpuControlService [1]
12-27 16:58:41.981 I/[MALI][Gralloc](11877): [MTK]GRALLOC enter alloc_device_alloc()! pHandle=0x0x7a0ebe04
12-27 16:58:41.981 I/[MALI][Gralloc](11877): usage: 0x133, format: 0x1 stride: 320 vertical_stride: 512 size: 655360
