12-27 16:58:41.981 I/[MALI][Gralloc](11877): [MTK]GRALLOC ready to go ion alloc arrrrrrrrr!!!! pHandle=0x0x7a0ebe04
12-27 16:58:41.981 I/chromium(11877): [INFO:resource_provider.cc(1770)] [StartRaster] allocated=[1] image_id=[1] buffer=[0x7bcb0000] stride=[1280]
12-27 16:58:41.982 I/chromium(11877): [INFO:image_raster_worker_pool.cc(75)] [RunOnWorkerThread] --------------
12-27 16:58:41.983 I/[MALI][Gralloc](11877): [MTK]GRALLOC enter alloc_device_alloc()! pHandle=0x0x7a0ec0dc
12-27 16:58:41.983 I/[MALI][Gralloc](11877): usage: 0x133, format: 0x1 stride: 384 vertical_stride: 384 size: 589824
12-27 16:58:41.983 I/[MALI][Gralloc](11877): [MTK]GRALLOC ready to go ion alloc arrrrrrrrr!!!! pHandle=0x0x7a0ec0dc
12-27 16:58:41.983 I/BufferQueue(  244): [com.djr.zichanjia/com.djr.zichanjia.activity.FuYouWebActivity](this:0xb8d9dbc0,id:378,api:1,p:11877,c:244) new GraphicBuffer needed
12-27 16:58:41.983 I/chromium(11877): [INFO:resource_provider.cc(1770)] [StartRaster] allocated=[1] image_id=[2] buffer=[0x7bd50000] stride=[1536]
12-27 16:58:41.983 I/chromium(11877): [INFO:image_raster_worker_pool.cc(75)] [RunOnWorkerThread] --------------
12-27 16:58:41.983 I/[MALI][Gralloc](11877): [MTK]GRALLOC enter alloc_device_alloc()! pHandle=0x0x7a0ec26c
12-27 16:58:41.983 I/[MALI][Gralloc](11877): usage: 0x133, format: 0x1 stride: 384 vertical_stride: 384 size: 589824
12-27 16:58:41.983 I/[MALI][Gralloc](11877): [MTK]GRALLOC ready to go ion alloc arrrrrrrrr!!!! pHandle=0x0x7a0ec26c
12-27 16:58:41.984 I/chromium(11877): [INFO:resource_provider.cc(1770)] [StartRaster] allocated=[1] image_id=[3] buffer=[0x7bde0000] stride=[1536]
12-27 16:58:41.984 I/chromium(11877): [INFO:image_raster_worker_pool.cc(75)] [RunOnWorkerThread] --------------
12-27 16:58:41.984 I/[MALI][Gralloc](11877): [MTK]GRALLOC enter alloc_device_alloc()! pHandle=0x0x7a0ec04c
12-27 16:58:41.984 I/[MALI][Gralloc](11877): usage: 0x133, format: 0x1 stride: 384 vertical_stride: 384 size: 589824
12-27 16:58:41.984 I/[MALI][Gralloc](11877): [MTK]GRALLOC ready to go ion alloc arrrrrrrrr!!!! pHandle=0x0x7a0ec04c
12-27 16:58:41.984 I/chromium(11877): [INFO:resource_provider.cc(1770)] [StartRaster] allocated=[1] image_id=[4] buffer=[0x7be70000] stride=[1536]
12-27 16:58:41.985 I/chromium(11877): [INFO:image_raster_worker_pool.cc(75)] [RunOnWorkerThread] --------------
12-27 16:58:41.985 I/[MALI][Gralloc](11877): [MTK]GRALLOC enter alloc_device_alloc()! pHandle=0x0x7ac7df3c
12-27 16:58:41.985 I/[MALI][Gralloc](11877): usage: 0x133, format: 0x1 stride: 384 vertical_stride: 384 size: 589824
12-27 16:58:41.985 I/[MALI][Gralloc](11877): [MTK]GRALLOC ready to go ion alloc arrrrrrrrr!!!! pHandle=0x0x7ac7df3c
12-27 16:58:41.985 I/chromium(11877): [INFO:resource_provider.cc(1770)] [StartRaster] allocated=[1] image_id=[5] buffer=[0x7c6f8000] stride=[1536]
12-27 16:58:41.986 I/chromium(11877): [INFO:image_raster_worker_pool.cc(75)] [RunOnWorkerThread] --------------
12-27 16:58:41.986 I/[MALI][Gralloc](11877): [MTK]GRALLOC enter alloc_device_alloc()! pHandle=0x0x7a0ebf9c
12-27 16:58:41.986 I/[MALI][Gralloc](11877): usage: 0x133, format: 0x1 stride: 384 vertical_stride: 384 size: 589824
12-27 16:58:41.986 I/[MALI][Gralloc](11877): [MTK]GRALLOC ready to go ion alloc arrrrrrrrr!!!! pHandle=0x0x7a0ebf9c
12-27 16:58:41.986 I/chromium(11877): [INFO:resource_provider.cc(1770)] [StartRaster] allocated=[1] image_id=[6] buffer=[0x7df5c000] stride=[1536]
12-27 16:58:41.986 I/chromium(11877): [INFO:gpu_control_service.cc(81)] [GpuControlService::RegisterGpuBuffer] [11877] id=[1]
12-27 16:58:41.986 I/chromium(11877): [INFO:image_raster_worker_pool.cc(75)] [RunOnWorkerThread] --------------
12-27 16:58:41.987 I/chromium(11877): [INFO:gpu_control_service.cc(81)] [GpuControlService::RegisterGpuBuffer] [11877] id=[2]
12-27 16:58:41.987 I/[MALI][Gralloc](11877): [MTK]GRALLOC enter alloc_device_alloc()! pHandle=0x0x7a1cd72c
12-27 16:58:41.987 I/[MALI][Gralloc](11877): usage: 0x133, format: 0x1 stride: 384 vertical_stride: 384 size: 589824
12-27 16:58:41.987 I/[MALI][Gralloc](11877): [MTK]GRALLOC ready to go ion alloc arrrrrrrrr!!!! pHandle=0x0x7a1cd72c
12-27 16:58:41.987 I/chromium(11877): [INFO:gpu_control_service.cc(81)] [GpuControlService::RegisterGpuBuffer] [11877] id=[3]
12-27 16:58:41.987 I/chromium(11877): [INFO:resource_provider.cc(1770)] [StartRaster] allocated=[1] image_id=[7] buffer=[0x7dfec000] stride=[1536]
12-27 16:58:41.987 I/chromium(11877): [INFO:gpu_control_service.cc(81)] [GpuControlService::RegisterGpuBuffer] [11877] id=[4]
12-27 16:58:41.987 I/chromium(11877): [INFO:image_raster_worker_pool.cc(75)] [RunOnWorkerThread] --------------
12-27 16:58:41.987 I/chromium(11877): [INFO:gpu_control_service.cc(81)] [GpuControlService::RegisterGpuBuffer] [11877] id=[5]
12-27 16:58:41.988 I/[MALI][Gralloc](11877): [MTK]GRALLOC enter alloc_device_alloc()! pHandle=0x0x7ad3d7ec
12-27 16:58:41.988 I/chromium(11877): [INFO:gpu_control_service.cc(81)] [GpuControlService::RegisterGpuBuffer] [11877] id=[6]
12-27 16:58:41.988 I/[MALI][Gralloc](11877): usage: 0x133, format: 0x1 stride: 384 vertical_stride: 384 size: 589824
12-27 16:58:41.988 I/[MALI][Gralloc](11877): [MTK]GRALLOC ready to go ion alloc arrrrrrrrr!!!! pHandle=0x0x7ad3d7ec
12-27 16:58:41.988 I/chromium(11877): [INFO:gpu_control_service.cc(81)] [GpuControlService::RegisterGpuBuffer] [11877] id=[7]
12-27 16:58:41.988 I/chromium(11877): [INFO:resource_provider.cc(1770)] [StartRaster] allocated=[1] image_id=[8] buffer=[0x7e07c000] stride=[1536]
12-27 16:58:41.988 I/chromium(11877): [INFO:image_raster_worker_pool.cc(75)] [RunOnWorkerThread] --------------
12-27 16:58:41.988 I/chromium(11877): [INFO:gpu_control_service.cc(81)] [GpuControlService::RegisterGpuBuffer] [11877] id=[8]
12-27 16:58:41.988 I/[MALI][Gralloc](11877): [MTK]GRALLOC enter alloc_device_alloc()! pHandle=0x0x7a0f729c
12-27 16:58:41.988 I/[MALI][Gralloc](11877): usage: 0x133, format: 0x1 stride: 384 vertical_stride: 384 size: 589824
12-27 16:58:41.988 I/[MALI][Gralloc](11877): [MTK]GRALLOC ready to go ion alloc arrrrrrrrr!!!! pHandle=0x0x7a0f729c
12-27 16:58:41.989 I/chromium(11877): [INFO:resource_provider.cc(1770)] [StartRaster] allocated=[1] image_id=[9] buffer=[0x7e10c000] stride=[1536]
12-27 16:58:41.989 I/chromium(11877): [INFO:image_raster_worker_pool.cc(75)] [RunOnWorkerThread] --------------
12-27 16:58:41.989 I/chromium(11877): [INFO:gpu_control_service.cc(81)] [GpuControlService::RegisterGpuBuffer] [11877] id=[9]
12-27 16:58:41.989 I/[MALI][Gralloc](11877): [MTK]GRALLOC enter alloc_device_alloc()! pHandle=0x0x7a0fca5c
12-27 16:58:41.989 I/[MALI][Gralloc](11877): usage: 0x133, format: 0x1 stride: 384 vertical_stride: 384 size: 589824
12-27 16:58:41.989 I/[MALI][Gralloc](11877): [MTK]GRALLOC ready to go ion alloc arrrrrrrrr!!!! pHandle=0x0x7a0fca5c
12-27 16:58:41.990 I/chromium(11877): [INFO:resource_provider.cc(1770)] [StartRaster] allocated=[1] image_id=[10] buffer=[0x7e19c000] stride=[1536]
12-27 16:58:41.990 I/chromium(11877): [INFO:image_raster_worker_pool.cc(75)] [RunOnWorkerThread] --------------
12-27 16:58:41.990 I/[MALI][Gralloc](11877): [MTK]GRALLOC enter alloc_device_alloc()! pHandle=0x0x7a0fd0ac
12-27 16:58:41.990 I/[MALI][Gralloc](11877): usage: 0x133, format: 0x1 stride: 384 vertical_stride: 384 size: 589824
12-27 16:58:41.990 I/[MALI][Gralloc](11877): [MTK]GRALLOC ready to go ion alloc arrrrrrrrr!!!! pHandle=0x0x7a0fd0ac
12-27 16:58:41.991 I/chromium(11877): [INFO:resource_provider.cc(1770)] [StartRaster] allocated=[1] image_id=[11] buffer=[0x7e22c000] stride=[1536]
12-27 16:58:41.991 I/chromium(11877): [INFO:image_raster_worker_pool.cc(75)] [RunOnWorkerThread] --------------
12-27 16:58:41.991 I/[MALI][Gralloc](11877): [MTK]GRALLOC enter alloc_device_alloc()! pHandle=0x0x7a0fe5dc
12-27 16:58:41.991 I/[MALI][Gralloc](11877): usage: 0x133, format: 0x1 stride: 384 vertical_stride: 384 size: 589824
12-27 16:58:41.991 I/[MALI][Gralloc](11877): [MTK]GRALLOC ready to go ion alloc arrrrrrrrr!!!! pHandle=0x0x7a0fe5dc
12-27 16:58:41.991 I/chromium(11877): [INFO:gpu_control_service.cc(81)] [GpuControlService::RegisterGpuBuffer] [11877] id=[10]
12-27 16:58:41.992 I/chromium(11877): [INFO:resource_provider.cc(1770)] [StartRaster] allocated=[1] image_id=[12] buffer=[0x7e2bc000] stride=[1536]
12-27 16:58:41.992 I/chromium(11877): [INFO:gpu_control_service.cc(81)] [GpuControlService::RegisterGpuBuffer] [11877] id=[11]
12-27 16:58:41.992 I/chromium(11877): [INFO:image_raster_worker_pool.cc(75)] [RunOnWorkerThread] --------------
12-27 16:58:41.992 I/chromium(11877): [INFO:gpu_control_service.cc(81)] [GpuControlService::RegisterGpuBuffer] [11877] id=[12]
12-27 16:58:41.992 I/[MALI][Gralloc](11877): [MTK]GRALLOC enter alloc_device_alloc()! pHandle=0x0x7a0ff9e4
12-27 16:58:41.992 I/[MALI][Gralloc](11877): usage: 0x133, format: 0x1 stride: 384 vertical_stride: 384 size: 589824
12-27 16:58:41.992 I/[MALI][Gralloc](11877): [MTK]GRALLOC ready to go ion alloc arrrrrrrrr!!!! pHandle=0x0x7a0ff9e4
12-27 16:58:41.993 I/chromium(11877): [INFO:resource_provider.cc(1770)] [StartRaster] allocated=[1] image_id=[13] buffer=[0x7e34c000] stride=[1536]
12-27 16:58:41.993 I/chromium(11877): [INFO:image_raster_worker_pool.cc(75)] [RunOnWorkerThread] --------------
12-27 16:58:41.993 I/chromium(11877): [INFO:gpu_control_service.cc(81)] [GpuControlService::RegisterGpuBuffer] [11877] id=[13]
12-27 16:58:41.993 I/[MALI][Gralloc](11877): [MTK]GRALLOC enter alloc_device_alloc()! pHandle=0x0x7a10ddc4
12-27 16:58:41.993 I/[MALI][Gralloc](11877): usage: 0x133, format: 0x1 stride: 384 vertical_stride: 384 size: 589824
12-27 16:58:41.993 I/[MALI][Gralloc](11877): [MTK]GRALLOC ready to go ion alloc arrrrrrrrr!!!! pHandle=0x0x7a10ddc4
12-27 16:58:41.993 I/chromium(11877): [INFO:resource_provider.cc(1770)] [StartRaster] allocated=[1] image_id=[14] buffer=[0x7e3dc000] stride=[1536]
12-27 16:58:41.994 I/chromium(11877): [INFO:image_raster_worker_pool.cc(75)] [RunOnWorkerThread] --------------
12-27 16:58:41.994 I/chromium(11877): [INFO:gpu_control_service.cc(81)] [GpuControlService::RegisterGpuBuffer] [11877] id=[14]
12-27 16:58:41.994 I/[MALI][Gralloc](11877): [MTK]GRALLOC enter alloc_device_alloc()! pHandle=0x0x7aceade4
12-27 16:58:41.994 I/[MALI][Gralloc](11877): usage: 0x133, format: 0x1 stride: 384 vertical_stride: 384 size: 589824
12-27 16:58:41.994 I/[MALI][Gralloc](11877): [MTK]GRALLOC ready to go ion alloc arrrrrrrrr!!!! pHandle=0x0x7aceade4
12-27 16:58:41.995 I/chromium(11877): [INFO:gpu_control_service.cc(81)] [GpuControlService::RegisterGpuBuffer] [11877] id=[15]
12-27 16:58:41.995 I/chromium(11877): [INFO:resource_provider.cc(1770)] [StartRaster] allocated=[1] image_id=[15] buffer=[0x7e46c000] stride=[1536]
12-27 16:58:41.995 I/chromium(11877): [INFO:image_raster_worker_pool.cc(75)] [RunOnWorkerThread] --------------
12-27 16:58:41.996 I/[MALI][Gralloc](11877): [MTK]GRALLOC enter alloc_device_alloc()! pHandle=0x0x7a135794
12-27 16:58:41.996 I/[MALI][Gralloc](11877): usage: 0x133, format: 0x1 stride: 384 vertical_stride: 384 size: 589824
12-27 16:58:41.996 I/[MALI][Gralloc](11877): [MTK]GRALLOC ready to go ion alloc arrrrrrrrr!!!! pHandle=0x0x7a135794
12-27 16:58:41.996 I/chromium(11877): [INFO:resource_provider.cc(1770)] [StartRaster] allocated=[1] image_id=[16] buffer=[0x7e4fc000] stride=[1536]
12-27 16:58:41.996 I/chromium(11877): [INFO:image_raster_worker_pool.cc(75)] [RunOnWorkerThread] --------------
12-27 16:58:41.999 I/chromium(11877): [INFO:gpu_control_service.cc(81)] [GpuControlService::RegisterGpuBuffer] [11877] id=[16]
12-27 16:58:42.277 I/chromium(11877): [INFO:mime_util.cc(529)] insert media type: video/3gpp
12-27 16:58:42.277 I/chromium(11877): [INFO:mime_util.cc(529)] insert media type: audio/3gpp
12-27 16:58:42.277 I/chromium(11877): [INFO:mime_util.cc(529)] insert media type: video/3gpp2
12-27 16:58:42.277 I/chromium(11877): [INFO:mime_util.cc(529)] insert media type: video/avi
12-27 16:58:42.277 I/chromium(11877): [INFO:mime_util.cc(529)] insert media type: video/mpeg
12-27 16:58:42.277 I/chromium(11877): [INFO:mime_util.cc(529)] insert media type: audio/mpeg
12-27 16:58:42.277 I/chromium(11877): [INFO:mime_util.cc(529)] insert media type: video/x-m4v
12-27 16:58:42.278 I/chromium(11877): [INFO:mime_util.cc(529)] insert media type: audio/aac
12-27 16:58:42.278 I/chromium(11877): [INFO:mime_util.cc(529)] insert media type: audio/aac-adts
12-27 16:58:42.278 I/chromium(11877): [INFO:mime_util.cc(529)] insert media type: audio/x-mpeg
12-27 16:58:42.278 I/chromium(11877): [INFO:mime_util.cc(529)] insert media type: audio/flac
12-27 16:58:42.278 I/chromium(11877): [INFO:mime_util.cc(529)] insert media type: audio/amr
12-27 16:58:42.278 I/chromium(11877): [INFO:mime_util.cc(529)] insert media type: audio/amr-wb
12-27 16:58:42.278 I/chromium(11877): [INFO:mime_util.cc(529)] insert media type: audio/quicktime
12-27 16:58:42.278 I/chromium(11877): [INFO:mime_util.cc(529)] insert media type: audio/vorbis
12-27 16:58:42.278 I/chromium(11877): [INFO:mime_util.cc(529)] insert media type: video/quicktime
12-27 16:58:42.278 I/chromium(11877): [INFO:mime_util.cc(529)] insert media type: audio/quicktime
12-27 16:58:42.755 I/BufferQueue(  244): [com.djr.zichanjia/com.djr.zichanjia.activity.FuYouWebActivity](this:0xb8d9dbc0,id:378,api:1,p:11877,c:244) queueBuffer: fps=3.37 dur=1187.56 max=757.42 min=15.21
12-27 16:58:43.060 I/System.out(11877): [socket][5:53144] exception
12-27 16:58:43.060 I/System.out(11877): [CDS]close[53144]
12-27 16:58:43.061 I/System.out(11877): close [socket][/0.0.0.0:53144]
12-27 16:58:43.067 I/System.out(11877): propertyValue:true
12-27 16:58:43.068 I/System.out(11877): [socket][5] connection alog.umengcloud.com/140.205.156.81:80;LocalPort=45926(10000)
12-27 16:58:43.068 I/System.out(11877): [CDS]connect[alog.umengcloud.com/140.205.156.81:80] tm:10
12-27 16:58:43.454 I/System.out(11877): [socket][/10.167.170.43:45926] connected
12-27 16:58:43.454 I/System.out(11877): [CDS]rx timeout:30000
12-27 16:58:43.472 I/System.out(11877): [CDS]SO_SND_TIMEOUT:0
12-27 16:58:44.584 I/System.out(11877): [CDS]close[45926]
12-27 16:58:44.584 I/System.out(11877): close [socket][/0.0.0.0:45926]
12-27 16:58:44.612 I/System.out(11877): [CDS][DNS]Unable to resolve host "www.localnetwork.uop": No address associated with hostname
12-27 16:58:44.613 W/System.err(11877): java.net.UnknownHostException: Unable to resolve host "www.localnetwork.uop": No address associated with hostname
12-27 16:58:44.613 W/System.err(11877): 	at java.net.InetAddress.lookupHostByName(InetAddress.java:440)
12-27 16:58:44.613 W/System.err(11877): 	at java.net.InetAddress.getAllByNameImpl(InetAddress.java:236)
12-27 16:58:44.613 W/System.err(11877): 	at java.net.InetAddress.getAllByName(InetAddress.java:214)
12-27 16:58:44.613 W/System.err(11877): 	at com.android.okhttp.internal.Dns$1.getAllByName(Dns.java:28)
12-27 16:58:44.613 W/System.err(11877): 	at com.android.okhttp.internal.http.RouteSelector.resetNextInetSocketAddress(RouteSelector.java:216)
12-27 16:58:44.613 W/System.err(11877): 	at com.android.okhttp.internal.http.RouteSelector.next(RouteSelector.java:122)
12-27 16:58:44.613 W/System.err(11877): 	at com.android.okhttp.internal.http.HttpEngine.connect(HttpEngine.java:292)
12-27 16:58:44.613 W/System.err(11877): 	at com.android.okhttp.internal.http.HttpEngine.sendSocketRequest(HttpEngine.java:255)
12-27 16:58:44.613 W/System.err(11877): 	at com.android.okhttp.internal.http.HttpEngine.sendRequest(HttpEngine.java:206)
12-27 16:58:44.613 W/System.err(11877): 	at com.android.okhttp.internal.http.HttpURLConnectionImpl.execute(HttpURLConnectionImpl.java:355)
12-27 16:58:44.614 W/System.err(11877): 	at com.android.okhttp.internal.http.HttpURLConnectionImpl.getResponse(HttpURLConnectionImpl.java:306)
12-27 16:58:44.614 W/System.err(11877): 	at com.android.okhttp.internal.http.HttpURLConnectionImpl.getResponseCode(HttpURLConnectionImpl.java:513)
12-27 16:58:44.614 W/System.err(11877): 	at u.aly.am.a(NetworkHelper.java:279)
12-27 16:58:44.614 W/System.err(11877): 	at u.aly.r.a(Sender.java:97)
12-27 16:58:44.614 W/System.err(11877): 	at u.aly.ae.f(CacheImpl.java:292)
12-27 16:58:44.614 W/System.err(11877): 	at u.aly.ae.a(CacheImpl.java:148)
12-27 16:58:44.614 W/System.err(11877): 	at u.aly.ae.a(CacheImpl.java:108)
12-27 16:58:44.614 W/System.err(11877): 	at u.aly.c$1.a(CacheService.java:45)
12-27 16:58:44.614 W/System.err(11877): 	at com.umeng.analytics.g.run(SafeRunnable.java:8)
12-27 16:58:44.614 W/System.err(11877): 	at java.util.concurrent.Executors$RunnableAdapter.call(Executors.java:422)
12-27 16:58:44.614 W/System.err(11877): 	at java.util.concurrent.FutureTask.run(FutureTask.java:237)
12-27 16:58:44.614 W/System.err(11877): 	at java.util.concurrent.ScheduledThreadPoolExecutor$ScheduledFutureTask.access$201(ScheduledThreadPoolExecutor.java:152)
12-27 16:58:44.615 W/System.err(11877): 	at java.util.concurrent.ScheduledThreadPoolExecutor$ScheduledFutureTask.run(ScheduledThreadPoolExecutor.java:265)
12-27 16:58:44.615 W/System.err(11877): 	at java.util.concurrent.ThreadPoolExecutor.runWorker(ThreadPoolExecutor.java:1112)
12-27 16:58:44.615 W/System.err(11877): 	at java.util.concurrent.ThreadPoolExecutor$Worker.run(ThreadPoolExecutor.java:587)
12-27 16:58:44.615 W/System.err(11877): 	at java.lang.Thread.run(Thread.java:848)
12-27 16:58:44.615 W/System.err(11877): Caused by: libcore.io.GaiException: getaddrinfo failed: EAI_NODATA (No address associated with hostname)
12-27 16:58:44.616 W/System.err(11877): 	at libcore.io.Posix.getaddrinfo(Native Method)
12-27 16:58:44.616 W/System.err(11877): 	at libcore.io.ForwardingOs.getaddrinfo(ForwardingOs.java:61)
12-27 16:58:44.616 W/System.err(11877): 	at java.net.InetAddress.lookupHostByName(InetAddress.java:406)
12-27 16:58:44.616 W/System.err(11877): 	... 25 more
12-27 16:58:44.618 W/chromium(11877): [WARNING:password_handler.cc(170)] OnPasswordFormsParsed called
12-27 16:58:44.618 W/chromium(11877): [WARNING:aw_password_handler_delegate_impl.cc(201)] IsSavePasswordEnabled ret is 
12-27 16:58:44.618 W/chromium(11877): [WARNING:password_handler.cc(172)] OnPasswordFormsParsed IsEnabledSavePassword is false
12-27 16:58:44.622 I/[MALI][Gralloc](11877): [MTK]GRALLOC enter alloc_device_alloc()! pHandle=0x0x7c8d0b04
12-27 16:58:44.622 I/[MALI][Gralloc](11877): usage: 0x133, format: 0x1 stride: 512 vertical_stride: 128 size: 262144
12-27 16:58:44.622 I/[MALI][Gralloc](11877): [MTK]GRALLOC ready to go ion alloc arrrrrrrrr!!!! pHandle=0x0x7c8d0b04
12-27 16:58:44.622 I/chromium(11877): [INFO:resource_provider.cc(1770)] [StartRaster] allocated=[1] image_id=[17] buffer=[0x7e5fd000] stride=[2048]
12-27 16:58:44.622 I/chromium(11877): [INFO:gpu_control_service.cc(81)] [GpuControlService::RegisterGpuBuffer] [11877] id=[17]
12-27 16:58:44.645 I/chromium(11877): [INFO:image_raster_worker_pool.cc(75)] [RunOnWorkerThread] --------------
12-27 16:58:44.645 I/chromium(11877): [INFO:resource_provider.cc(1770)] [StartRaster] allocated=[1] image_id=[2] buffer=[0x7bd50000] stride=[1536]
12-27 16:58:44.647 I/chromium(11877): [INFO:image_raster_worker_pool.cc(75)] [RunOnWorkerThread] --------------
12-27 16:58:44.647 I/chromium(11877): [INFO:resource_provider.cc(1770)] [StartRaster] allocated=[1] image_id=[3] buffer=[0x7bde0000] stride=[1536]
12-27 16:58:44.648 I/chromium(11877): [INFO:image_raster_worker_pool.cc(75)] [RunOnWorkerThread] --------------
12-27 16:58:44.649 I/[MALI][Gralloc](11877): [MTK]GRALLOC enter alloc_device_alloc()! pHandle=0x0x7e901454
12-27 16:58:44.649 I/[MALI][Gralloc](11877): usage: 0x133, format: 0x1 stride: 512 vertical_stride: 128 size: 262144
12-27 16:58:44.649 I/[MALI][Gralloc](11877): [MTK]GRALLOC ready to go ion alloc arrrrrrrrr!!!! pHandle=0x0x7e901454
12-27 16:58:44.649 I/chromium(11877): [INFO:resource_provider.cc(1770)] [StartRaster] allocated=[1] image_id=[18] buffer=[0x7f5c5000] stride=[2048]
12-27 16:58:44.649 I/chromium(11877): [INFO:gpu_control_service.cc(81)] [GpuControlService::RegisterGpuBuffer] [11877] id=[18]
12-27 16:58:44.650 I/chromium(11877): [INFO:image_raster_worker_pool.cc(75)] [RunOnWorkerThread] --------------
12-27 16:58:44.650 I/chromium(11877): [INFO:resource_provider.cc(1770)] [StartRaster] allocated=[1] image_id=[4] buffer=[0x7be70000] stride=[1536]
12-27 16:58:44.650 I/chromium(11877): [INFO:image_raster_worker_pool.cc(75)] [RunOnWorkerThread] --------------
12-27 16:58:44.651 I/[MALI][Gralloc](11877): [MTK]GRALLOC enter alloc_device_alloc()! pHandle=0x0x7e5fcf8c
12-27 16:58:44.651 I/[MALI][Gralloc](11877): usage: 0x133, format: 0x1 stride: 512 vertical_stride: 128 size: 262144
12-27 16:58:44.651 I/[MALI][Gralloc](11877): [MTK]GRALLOC ready to go ion alloc arrrrrrrrr!!!! pHandle=0x0x7e5fcf8c
12-27 16:58:44.651 I/chromium(11877): [INFO:resource_provider.cc(1770)] [StartRaster] allocated=[1] image_id=[19] buffer=[0x7f605000] stride=[2048]
12-27 16:58:44.651 I/chromium(11877): [INFO:gpu_control_service.cc(81)] [GpuControlService::RegisterGpuBuffer] [11877] id=[19]
12-27 16:58:44.651 I/chromium(11877): [INFO:image_raster_worker_pool.cc(75)] [RunOnWorkerThread] --------------
12-27 16:58:44.652 I/chromium(11877): [INFO:resource_provider.cc(1770)] [StartRaster] allocated=[1] image_id=[5] buffer=[0x7c6f8000] stride=[1536]
12-27 16:58:44.655 I/chromium(11877): [INFO:image_raster_worker_pool.cc(75)] [RunOnWorkerThread] --------------
12-27 16:58:44.656 I/chromium(11877): [INFO:resource_provider.cc(1770)] [StartRaster] allocated=[1] image_id=[6] buffer=[0x7df5c000] stride=[1536]
12-27 16:58:44.657 I/chromium(11877): [INFO:image_raster_worker_pool.cc(75)] [RunOnWorkerThread] --------------
12-27 16:58:44.657 I/chromium(11877): [INFO:resource_provider.cc(1770)] [StartRaster] allocated=[1] image_id=[7] buffer=[0x7dfec000] stride=[1536]
12-27 16:58:44.658 I/chromium(11877): [INFO:image_raster_worker_pool.cc(75)] [RunOnWorkerThread] --------------
12-27 16:58:44.658 I/chromium(11877): [INFO:resource_provider.cc(1770)] [StartRaster] allocated=[1] image_id=[8] buffer=[0x7e07c000] stride=[1536]
12-27 16:58:44.660 I/chromium(11877): [INFO:image_raster_worker_pool.cc(75)] [RunOnWorkerThread] --------------
12-27 16:58:44.660 I/chromium(11877): [INFO:resource_provider.cc(1770)] [StartRaster] allocated=[1] image_id=[9] buffer=[0x7e10c000] stride=[1536]
12-27 16:58:44.661 I/chromium(11877): [INFO:image_raster_worker_pool.cc(75)] [RunOnWorkerThread] --------------
12-27 16:58:44.661 I/chromium(11877): [INFO:resource_provider.cc(1770)] [StartRaster] allocated=[1] image_id=[10] buffer=[0x7e19c000] stride=[1536]
12-27 16:58:44.662 I/chromium(11877): [INFO:image_raster_worker_pool.cc(75)] [RunOnWorkerThread] --------------
12-27 16:58:44.662 I/chromium(11877): [INFO:resource_provider.cc(1770)] [StartRaster] allocated=[1] image_id=[11] buffer=[0x7e22c000] stride=[1536]
12-27 16:58:44.665 I/chromium(11877): [INFO:image_raster_worker_pool.cc(75)] [RunOnWorkerThread] --------------
12-27 16:58:44.665 I/chromium(11877): [INFO:resource_provider.cc(1770)] [StartRaster] allocated=[1] image_id=[12] buffer=[0x7e2bc000] stride=[1536]
12-27 16:58:44.666 I/chromium(11877): [INFO:image_raster_worker_pool.cc(75)] [RunOnWorkerThread] --------------
12-27 16:58:44.666 I/chromium(11877): [INFO:resource_provider.cc(1770)] [StartRaster] allocated=[1] image_id=[13] buffer=[0x7e34c000] stride=[1536]
12-27 16:58:44.667 I/chromium(11877): [INFO:image_raster_worker_pool.cc(75)] [RunOnWorkerThread] --------------
12-27 16:58:44.667 I/chromium(11877): [INFO:resource_provider.cc(1770)] [StartRaster] allocated=[1] image_id=[14] buffer=[0x7e3dc000] stride=[1536]
12-27 16:58:44.670 I/chromium(11877): [INFO:image_raster_worker_pool.cc(75)] [RunOnWorkerThread] --------------
12-27 16:58:44.670 I/chromium(11877): [INFO:resource_provider.cc(1770)] [StartRaster] allocated=[1] image_id=[15] buffer=[0x7e46c000] stride=[1536]
12-27 16:58:44.671 I/chromium(11877): [INFO:image_raster_worker_pool.cc(75)] [RunOnWorkerThread] --------------
12-27 16:58:44.672 I/chromium(11877): [INFO:resource_provider.cc(1770)] [StartRaster] allocated=[1] image_id=[16] buffer=[0x7e4fc000] stride=[1536]
12-27 16:58:44.672 I/chromium(11877): [INFO:image_raster_worker_pool.cc(75)] [RunOnWorkerThread] --------------
12-27 16:58:44.673 I/[MALI][Gralloc](11877): [MTK]GRALLOC enter alloc_device_alloc()! pHandle=0x0x7e65ef24
12-27 16:58:44.673 I/[MALI][Gralloc](11877): usage: 0x133, format: 0x1 stride: 384 vertical_stride: 384 size: 589824
12-27 16:58:44.673 I/[MALI][Gralloc](11877): [MTK]GRALLOC ready to go ion alloc arrrrrrrrr!!!! pHandle=0x0x7e65ef24
12-27 16:58:44.673 I/chromium(11877): [INFO:resource_provider.cc(1770)] [StartRaster] allocated=[1] image_id=[20] buffer=[0x8063c000] stride=[1536]
12-27 16:58:44.673 I/chromium(11877): [INFO:gpu_control_service.cc(81)] [GpuControlService::RegisterGpuBuffer] [11877] id=[20]
12-27 16:58:44.674 I/chromium(11877): [INFO:image_raster_worker_pool.cc(75)] [RunOnWorkerThread] --------------
12-27 16:58:44.674 I/[MALI][Gralloc](11877): [MTK]GRALLOC enter alloc_device_alloc()! pHandle=0x0x7e670f7c
12-27 16:58:44.674 I/[MALI][Gralloc](11877): usage: 0x133, format: 0x1 stride: 384 vertical_stride: 384 size: 589824
12-27 16:58:44.674 I/[MALI][Gralloc](11877): [MTK]GRALLOC ready to go ion alloc arrrrrrrrr!!!! pHandle=0x0x7e670f7c
12-27 16:58:44.674 I/chromium(11877): [INFO:resource_provider.cc(1770)] [StartRaster] allocated=[1] image_id=[21] buffer=[0x80819000] stride=[1536]
12-27 16:58:44.675 I/chromium(11877): [INFO:gpu_control_service.cc(81)] [GpuControlService::RegisterGpuBuffer] [11877] id=[21]
12-27 16:58:44.676 I/chromium(11877): [INFO:image_raster_worker_pool.cc(75)] [RunOnWorkerThread] --------------
12-27 16:58:44.676 I/[MALI][Gralloc](11877): [MTK]GRALLOC enter alloc_device_alloc()! pHandle=0x0x7e901c6c
12-27 16:58:44.676 I/[MALI][Gralloc](11877): usage: 0x133, format: 0x1 stride: 384 vertical_stride: 384 size: 589824
12-27 16:58:44.676 I/[MALI][Gralloc](11877): [MTK]GRALLOC ready to go ion alloc arrrrrrrrr!!!! pHandle=0x0x7e901c6c
12-27 16:58:44.676 I/chromium(11877): [INFO:resource_provider.cc(1770)] [StartRaster] allocated=[1] image_id=[22] buffer=[0x82a0c000] stride=[1536]
12-27 16:58:44.676 I/chromium(11877): [INFO:gpu_control_service.cc(81)] [GpuControlService::RegisterGpuBuffer] [11877] id=[22]
12-27 16:58:44.677 I/chromium(11877): [INFO:image_raster_worker_pool.cc(75)] [RunOnWorkerThread] --------------
12-27 16:58:44.699 I/chromium(11877): [INFO:resource_provider.cc(1770)] [StartRaster] allocated=[1] image_id=[1] buffer=[0x7bcb0000] stride=[1280]
12-27 16:58:44.700 I/BufferQueue(  244): [com.djr.zichanjia/com.djr.zichanjia.activity.FuYouWebActivity](this:0xb8d9dbc0,id:378,api:1,p:11877,c:244) queueBuffer: fps=8.74 dur=1945.21 max=1675.65 min=13.69
12-27 16:58:44.705 I/chromium(11877): [INFO:image_raster_worker_pool.cc(75)] [RunOnWorkerThread] --------------
12-27 16:58:44.705 I/[MALI][Gralloc](11877): [MTK]GRALLOC enter alloc_device_alloc()! pHandle=0x0x7acdef1c
12-27 16:58:44.705 I/[MALI][Gralloc](11877): usage: 0x133, format: 0x1 stride: 320 vertical_stride: 64 size: 81920
12-27 16:58:44.705 I/[MALI][Gralloc](11877): [MTK]GRALLOC ready to go ion alloc arrrrrrrrr!!!! pHandle=0x0x7acdef1c
12-27 16:58:44.706 I/chromium(11877): [INFO:resource_provider.cc(1770)] [StartRaster] allocated=[1] image_id=[23] buffer=[0x7f64e000] stride=[1280]
12-27 16:58:44.706 I/chromium(11877): [INFO:gpu_control_service.cc(81)] [GpuControlService::RegisterGpuBuffer] [11877] id=[23]
12-27 16:58:44.706 I/chromium(11877): [INFO:image_raster_worker_pool.cc(75)] [RunOnWorkerThread] --------------
12-27 16:58:44.707 I/[MALI][Gralloc](11877): [MTK]GRALLOC enter alloc_device_alloc()! pHandle=0x0x7acdeb4c
12-27 16:58:44.707 I/[MALI][Gralloc](11877): usage: 0x133, format: 0x1 stride: 320 vertical_stride: 512 size: 655360
12-27 16:58:44.707 I/[MALI][Gralloc](11877): [MTK]GRALLOC ready to go ion alloc arrrrrrrrr!!!! pHandle=0x0x7acdeb4c
12-27 16:58:44.707 I/chromium(11877): [INFO:resource_provider.cc(1770)] [StartRaster] allocated=[1] image_id=[24] buffer=[0x82a9c000] stride=[1280]
12-27 16:58:44.707 I/chromium(11877): [INFO:gpu_control_service.cc(81)] [GpuControlService::RegisterGpuBuffer] [11877] id=[24]
12-27 16:58:44.708 I/chromium(11877): [INFO:image_raster_worker_pool.cc(75)] [RunOnWorkerThread] --------------
12-27 16:58:45.354 I/[MALI][Gralloc](11877): [MTK]GRALLOC enter alloc_device_alloc()! pHandle=0x0x79ab2b9c
12-27 16:58:45.354 I/[MALI][Gralloc](11877): usage: 0x133, format: 0x1 stride: 384 vertical_stride: 384 size: 589824
12-27 16:58:45.354 I/[MALI][Gralloc](11877): [MTK]GRALLOC ready to go ion alloc arrrrrrrrr!!!! pHandle=0x0x79ab2b9c
12-27 16:58:45.356 I/chromium(11877): [INFO:gpu_control_service.cc(81)] [GpuControlService::RegisterGpuBuffer] [11877] id=[25]
12-27 16:58:45.357 I/chromium(11877): [INFO:resource_provider.cc(1770)] [StartRaster] allocated=[1] image_id=[25] buffer=[0x82b3c000] stride=[1536]
12-27 16:58:45.364 I/chromium(11877): [INFO:image_raster_worker_pool.cc(75)] [RunOnWorkerThread] --------------
12-27 16:58:45.365 I/[MALI][Gralloc](11877): [MTK]GRALLOC enter alloc_device_alloc()! pHandle=0x0x7a10f364
12-27 16:58:45.365 I/[MALI][Gralloc](11877): usage: 0x133, format: 0x1 stride: 384 vertical_stride: 384 size: 589824
12-27 16:58:45.365 I/[MALI][Gralloc](11877): [MTK]GRALLOC ready to go ion alloc arrrrrrrrr!!!! pHandle=0x0x7a10f364
12-27 16:58:45.365 I/chromium(11877): [INFO:gpu_control_service.cc(81)] [GpuControlService::RegisterGpuBuffer] [11877] id=[26]
12-27 16:58:45.365 I/chromium(11877): [INFO:resource_provider.cc(1770)] [StartRaster] allocated=[1] image_id=[26] buffer=[0x82d00000] stride=[1536]
12-27 16:58:45.366 I/chromium(11877): [INFO:image_raster_worker_pool.cc(75)] [RunOnWorkerThread] --------------
12-27 16:58:45.366 I/[MALI][Gralloc](11877): [MTK]GRALLOC enter alloc_device_alloc()! pHandle=0x0x7ac9acb4
12-27 16:58:45.366 I/[MALI][Gralloc](11877): usage: 0x133, format: 0x1 stride: 384 vertical_stride: 384 size: 589824
12-27 16:58:45.366 I/[MALI][Gralloc](11877): [MTK]GRALLOC ready to go ion alloc arrrrrrrrr!!!! pHandle=0x0x7ac9acb4
12-27 16:58:45.367 I/chromium(11877): [INFO:gpu_control_service.cc(81)] [GpuControlService::RegisterGpuBuffer] [11877] id=[27]
12-27 16:58:45.368 I/chromium(11877): [INFO:resource_provider.cc(1770)] [StartRaster] allocated=[1] image_id=[27] buffer=[0x82d90000] stride=[1536]
12-27 16:58:45.368 I/chromium(11877): [INFO:image_raster_worker_pool.cc(75)] [RunOnWorkerThread] --------------
12-27 16:58:45.384 I/chromium(11877): [INFO:resource_provider.cc(1770)] [StartRaster] allocated=[1] image_id=[1] buffer=[0x7bcb0000] stride=[1280]
12-27 16:58:45.385 I/chromium(11877): [INFO:image_raster_worker_pool.cc(75)] [RunOnWorkerThread] --------------
12-27 16:58:45.677 I/View    (11877): Key down dispatch to android.webkit.WebView{44f4dce0 VFEDHVC. .F...... 0,0-1080,1845 #7f0d0119 app:id/webView}, event = KeyEvent { action=ACTION_DOWN, hashcode=android.view.KeyEvent@44f8b620, keyCode=KEYCODE_BACK, scanCode=158, metaState=0, flags=0x8, repeatCount=0, eventTime=35205654, downTime=35205654, deviceId=5, source=0x101 }
12-27 16:58:45.682 W/UnimplementedWebViewApi(11877): Unimplemented WebView method onKeyDown called from: android.webkit.WebView.onKeyDown(WebView.java:2263)
12-27 16:58:45.836 I/BufferQueue(  244): [com.djr.zichanjia/com.djr.zichanjia.activity.MainActivity](this:0xb8db2408,id:379,api:1,p:11877,c:244) connect: api=1 producer=(11877:com.djr.zichanjia) producerControlledByApp=true
12-27 16:58:45.837 I/BufferQueue(  244): [com.djr.zichanjia/com.djr.zichanjia.activity.MainActivity](this:0xb8db2408,id:379,api:1,p:11877,c:244) new GraphicBuffer needed
12-27 16:58:45.875 I/BufferQueue(  244): [com.djr.zichanjia/com.djr.zichanjia.activity.MainActivity](this:0xb8db2408,id:379,api:1,p:11877,c:244) new GraphicBuffer needed
12-27 16:58:46.031 W/chromium(11877): [WARNING:password_handler.cc(170)] OnPasswordFormsParsed called
12-27 16:58:46.031 W/chromium(11877): [WARNING:aw_password_handler_delegate_impl.cc(201)] IsSavePasswordEnabled ret is 
12-27 16:58:46.031 W/chromium(11877): [WARNING:password_handler.cc(172)] OnPasswordFormsParsed IsEnabledSavePassword is false
12-27 16:58:46.033 W/chromium(11877): [WARNING:password_handler.cc(211)] OnPasswordFormsRendered called
12-27 16:58:46.034 W/chromium(11877): [WARNING:aw_password_handler_delegate_impl.cc(201)] IsSavePasswordEnabled ret is 
12-27 16:58:46.034 W/chromium(11877): [WARNING:password_handler.cc(213)] OnPasswordFormsRendered IsEnabledSavePassword is false
12-27 16:58:46.037 I/chromium(11877): [INFO:resource_provider.cc(1770)] [StartRaster] allocated=[1] image_id=[7] buffer=[0x7dfec000] stride=[1536]
12-27 16:58:46.038 I/chromium(11877): [INFO:image_raster_worker_pool.cc(75)] [RunOnWorkerThread] --------------
12-27 16:58:46.039 I/chromium(11877): [INFO:resource_provider.cc(1770)] [StartRaster] allocated=[1] image_id=[10] buffer=[0x7e19c000] stride=[1536]
12-27 16:58:46.040 I/chromium(11877): [INFO:image_raster_worker_pool.cc(75)] [RunOnWorkerThread] --------------
12-27 16:58:46.040 I/chromium(11877): [INFO:resource_provider.cc(1770)] [StartRaster] allocated=[1] image_id=[13] buffer=[0x7e34c000] stride=[1536]
12-27 16:58:46.041 I/chromium(11877): [INFO:image_raster_worker_pool.cc(75)] [RunOnWorkerThread] --------------
12-27 16:58:46.041 I/[MALI][Gralloc](11877): [MTK]GRALLOC enter alloc_device_alloc()! pHandle=0x0x7b5f8d14
12-27 16:58:46.041 I/[MALI][Gralloc](11877): usage: 0x133, format: 0x1 stride: 384 vertical_stride: 384 size: 589824
12-27 16:58:46.041 I/[MALI][Gralloc](11877): [MTK]GRALLOC ready to go ion alloc arrrrrrrrr!!!! pHandle=0x0x7b5f8d14
12-27 16:58:46.042 I/chromium(11877): [INFO:resource_provider.cc(1770)] [StartRaster] allocated=[1] image_id=[28] buffer=[0x7bbb2000] stride=[1536]
12-27 16:58:46.043 I/chromium(11877): [INFO:image_raster_worker_pool.cc(75)] [RunOnWorkerThread] --------------
12-27 16:58:46.043 I/[MALI][Gralloc](11877): [MTK]GRALLOC enter alloc_device_alloc()! pHandle=0x0x7f3aeb9c
12-27 16:58:46.043 I/[MALI][Gralloc](11877): usage: 0x133, format: 0x1 stride: 384 vertical_stride: 384 size: 589824
12-27 16:58:46.043 I/[MALI][Gralloc](11877): [MTK]GRALLOC ready to go ion alloc arrrrrrrrr!!!! pHandle=0x0x7f3aeb9c
12-27 16:58:46.043 I/chromium(11877): [INFO:resource_provider.cc(1770)] [StartRaster] allocated=[1] image_id=[29] buffer=[0x7bf12000] stride=[1536]
12-27 16:58:46.044 I/chromium(11877): [INFO:image_raster_worker_pool.cc(75)] [RunOnWorkerThread] --------------
12-27 16:58:46.044 I/[MALI][Gralloc](11877): [MTK]GRALLOC enter alloc_device_alloc()! pHandle=0x0x7e743054
12-27 16:58:46.044 I/[MALI][Gralloc](11877): usage: 0x133, format: 0x1 stride: 384 vertical_stride: 384 size: 589824
12-27 16:58:46.044 I/[MALI][Gralloc](11877): [MTK]GRALLOC ready to go ion alloc arrrrrrrrr!!!! pHandle=0x0x7e743054
12-27 16:58:46.044 I/chromium(11877): [INFO:resource_provider.cc(1770)] [StartRaster] allocated=[1] image_id=[30] buffer=[0x7bfa2000] stride=[1536]
12-27 16:58:46.045 I/chromium(11877): [INFO:image_raster_worker_pool.cc(75)] [RunOnWorkerThread] --------------
12-27 16:58:46.045 I/[MALI][Gralloc](11877): [MTK]GRALLOC enter alloc_device_alloc()! pHandle=0x0x7e743554
12-27 16:58:46.045 I/[MALI][Gralloc](11877): usage: 0x133, format: 0x1 stride: 384 vertical_stride: 384 size: 589824
12-27 16:58:46.045 I/[MALI][Gralloc](11877): [MTK]GRALLOC ready to go ion alloc arrrrrrrrr!!!! pHandle=0x0x7e743554
12-27 16:58:46.045 I/chromium(11877): [INFO:resource_provider.cc(1770)] [StartRaster] allocated=[1] image_id=[31] buffer=[0x7c032000] stride=[1536]
12-27 16:58:46.046 I/chromium(11877): [INFO:image_raster_worker_pool.cc(75)] [RunOnWorkerThread] --------------
12-27 16:58:46.046 I/[MALI][Gralloc](11877): [MTK]GRALLOC enter alloc_device_alloc()! pHandle=0x0x7e74397c
12-27 16:58:46.046 I/[MALI][Gralloc](11877): usage: 0x133, format: 0x1 stride: 384 vertical_stride: 384 size: 589824
12-27 16:58:46.046 I/[MALI][Gralloc](11877): [MTK]GRALLOC ready to go ion alloc arrrrrrrrr!!!! pHandle=0x0x7e74397c
12-27 16:58:46.047 I/chromium(11877): [INFO:resource_provider.cc(1770)] [StartRaster] allocated=[1] image_id=[32] buffer=[0x7c0c2000] stride=[1536]
12-27 16:58:46.047 I/chromium(11877): [INFO:image_raster_worker_pool.cc(75)] [RunOnWorkerThread] --------------
12-27 16:58:46.047 I/[MALI][Gralloc](11877): [MTK]GRALLOC enter alloc_device_alloc()! pHandle=0x0x7e743bfc
12-27 16:58:46.047 I/[MALI][Gralloc](11877): usage: 0x133, format: 0x1 stride: 384 vertical_stride: 384 size: 589824
12-27 16:58:46.047 I/[MALI][Gralloc](11877): [MTK]GRALLOC ready to go ion alloc arrrrrrrrr!!!! pHandle=0x0x7e743bfc
12-27 16:58:46.047 I/chromium(11877): [INFO:resource_provider.cc(1770)] [StartRaster] allocated=[1] image_id=[33] buffer=[0x7c152000] stride=[1536]
12-27 16:58:46.048 I/chromium(11877): [INFO:image_raster_worker_pool.cc(75)] [RunOnWorkerThread] --------------
12-27 16:58:46.049 I/[MALI][Gralloc](11877): [MTK]GRALLOC enter alloc_device_alloc()! pHandle=0x0x7b3d9c5c
12-27 16:58:46.049 I/[MALI][Gralloc](11877): usage: 0x133, format: 0x1 stride: 384 vertical_stride: 384 size: 589824
12-27 16:58:46.049 I/[MALI][Gralloc](11877): [MTK]GRALLOC ready to go ion alloc arrrrrrrrr!!!! pHandle=0x0x7b3d9c5c
12-27 16:58:46.049 I/chromium(11877): [INFO:resource_provider.cc(1770)] [StartRaster] allocated=[1] image_id=[34] buffer=[0x7c1e2000] stride=[1536]
12-27 16:58:46.050 I/chromium(11877): [INFO:image_raster_worker_pool.cc(75)] [RunOnWorkerThread] --------------
12-27 16:58:46.050 I/[MALI][Gralloc](11877): [MTK]GRALLOC enter alloc_device_alloc()! pHandle=0x0x7e743ac4
12-27 16:58:46.050 I/[MALI][Gralloc](11877): usage: 0x133, format: 0x1 stride: 384 vertical_stride: 384 size: 589824
12-27 16:58:46.050 I/[MALI][Gralloc](11877): [MTK]GRALLOC ready to go ion alloc arrrrrrrrr!!!! pHandle=0x0x7e743ac4
12-27 16:58:46.050 I/chromium(11877): [INFO:resource_provider.cc(1770)] [StartRaster] allocated=[1] image_id=[35] buffer=[0x7c272000] stride=[1536]
12-27 16:58:46.051 I/chromium(11877): [INFO:image_raster_worker_pool.cc(75)] [RunOnWorkerThread] --------------
12-27 16:58:46.051 I/[MALI][Gralloc](11877): [MTK]GRALLOC enter alloc_device_alloc()! pHandle=0x0x7acbb114
12-27 16:58:46.051 I/[MALI][Gralloc](11877): usage: 0x133, format: 0x1 stride: 384 vertical_stride: 384 size: 589824
12-27 16:58:46.051 I/[MALI][Gralloc](11877): [MTK]GRALLOC ready to go ion alloc arrrrrrrrr!!!! pHandle=0x0x7acbb114
12-27 16:58:46.051 I/chromium(11877): [INFO:resource_provider.cc(1770)] [StartRaster] allocated=[1] image_id=[36] buffer=[0x7c302000] stride=[1536]
12-27 16:58:46.052 I/chromium(11877): [INFO:image_raster_worker_pool.cc(75)] [RunOnWorkerThread] --------------
12-27 16:58:46.053 I/[MALI][Gralloc](11877): [MTK]GRALLOC enter alloc_device_alloc()! pHandle=0x0x7eaa7e2c
12-27 16:58:46.053 I/[MALI][Gralloc](11877): usage: 0x133, format: 0x1 stride: 384 vertical_stride: 384 size: 589824
12-27 16:58:46.053 I/[MALI][Gralloc](11877): [MTK]GRALLOC ready to go ion alloc arrrrrrrrr!!!! pHandle=0x0x7eaa7e2c
12-27 16:58:46.053 I/chromium(11877): [INFO:resource_provider.cc(1770)] [StartRaster] allocated=[1] image_id=[37] buffer=[0x7c392000] stride=[1536]
12-27 16:58:46.055 I/chromium(11877): [INFO:image_raster_worker_pool.cc(75)] [RunOnWorkerThread] --------------
12-27 16:58:46.055 I/[MALI][Gralloc](11877): [MTK]GRALLOC enter alloc_device_alloc()! pHandle=0x0x7f384fd4
12-27 16:58:46.055 I/[MALI][Gralloc](11877): usage: 0x133, format: 0x1 stride: 384 vertical_stride: 384 size: 589824
12-27 16:58:46.055 I/[MALI][Gralloc](11877): [MTK]GRALLOC ready to go ion alloc arrrrrrrrr!!!! pHandle=0x0x7f384fd4
12-27 16:58:46.055 I/chromium(11877): [INFO:resource_provider.cc(1770)] [StartRaster] allocated=[1] image_id=[38] buffer=[0x7c422000] stride=[1536]
12-27 16:58:46.057 I/chromium(11877): [INFO:image_raster_worker_pool.cc(75)] [RunOnWorkerThread] --------------
12-27 16:58:46.057 I/[MALI][Gralloc](11877): [MTK]GRALLOC enter alloc_device_alloc()! pHandle=0x0x7e74360c
12-27 16:58:46.057 I/[MALI][Gralloc](11877): usage: 0x133, format: 0x1 stride: 384 vertical_stride: 384 size: 589824
12-27 16:58:46.057 I/[MALI][Gralloc](11877): [MTK]GRALLOC ready to go ion alloc arrrrrrrrr!!!! pHandle=0x0x7e74360c
12-27 16:58:46.057 I/chromium(11877): [INFO:resource_provider.cc(1770)] [StartRaster] allocated=[1] image_id=[39] buffer=[0x7c4b2000] stride=[1536]
12-27 16:58:46.058 I/chromium(11877): [INFO:image_raster_worker_pool.cc(75)] [RunOnWorkerThread] --------------
12-27 16:58:46.058 I/[MALI][Gralloc](11877): [MTK]GRALLOC enter alloc_device_alloc()! pHandle=0x0x7b49ce34
12-27 16:58:46.058 I/[MALI][Gralloc](11877): usage: 0x133, format: 0x1 stride: 384 vertical_stride: 384 size: 589824
12-27 16:58:46.058 I/[MALI][Gralloc](11877): [MTK]GRALLOC ready to go ion alloc arrrrrrrrr!!!! pHandle=0x0x7b49ce34
12-27 16:58:46.059 I/chromium(11877): [INFO:resource_provider.cc(1770)] [StartRaster] allocated=[1] image_id=[40] buffer=[0x7c542000] stride=[1536]
12-27 16:58:46.059 I/chromium(11877): [INFO:image_raster_worker_pool.cc(75)] [RunOnWorkerThread] --------------
12-27 16:58:46.060 I/[MALI][Gralloc](11877): [MTK]GRALLOC enter alloc_device_alloc()! pHandle=0x0x7e7431a4
12-27 16:58:46.060 I/[MALI][Gralloc](11877): usage: 0x133, format: 0x1 stride: 384 vertical_stride: 384 size: 589824
12-27 16:58:46.060 I/[MALI][Gralloc](11877): [MTK]GRALLOC ready to go ion alloc arrrrrrrrr!!!! pHandle=0x0x7e7431a4
12-27 16:58:46.060 I/chromium(11877): [INFO:resource_provider.cc(1770)] [StartRaster] allocated=[1] image_id=[41] buffer=[0x7c5d2000] stride=[1536]
12-27 16:58:46.060 I/chromium(11877): [INFO:image_raster_worker_pool.cc(75)] [RunOnWorkerThread] --------------
12-27 16:58:46.061 I/[MALI][Gralloc](11877): [MTK]GRALLOC enter alloc_device_alloc()! pHandle=0x0x7f3aef64
12-27 16:58:46.061 I/[MALI][Gralloc](11877): usage: 0x133, format: 0x1 stride: 384 vertical_stride: 384 size: 589824
12-27 16:58:46.061 I/[MALI][Gralloc](11877): [MTK]GRALLOC ready to go ion alloc arrrrrrrrr!!!! pHandle=0x0x7f3aef64
12-27 16:58:46.061 I/chromium(11877): [INFO:resource_provider.cc(1770)] [StartRaster] allocated=[1] image_id=[42] buffer=[0x7c662000] stride=[1536]
12-27 16:58:46.061 I/chromium(11877): [INFO:image_raster_worker_pool.cc(75)] [RunOnWorkerThread] --------------
12-27 16:58:46.223 E/BASEACTIVITY(11877): ++++++++++++++++++++++++++++++++++
12-27 16:58:46.226 I/chromium(11877): [INFO:gpu_control_service.cc(81)] [GpuControlService::RegisterGpuBuffer] [11877] id=[28]
12-27 16:58:46.227 I/chromium(11877): [INFO:gpu_control_service.cc(81)] [GpuControlService::RegisterGpuBuffer] [11877] id=[29]
12-27 16:58:46.227 I/chromium(11877): [INFO:gpu_control_service.cc(81)] [GpuControlService::RegisterGpuBuffer] [11877] id=[30]
12-27 16:58:46.227 I/chromium(11877): [INFO:gpu_control_service.cc(81)] [GpuControlService::RegisterGpuBuffer] [11877] id=[31]
12-27 16:58:46.227 I/chromium(11877): [INFO:gpu_control_service.cc(81)] [GpuControlService::RegisterGpuBuffer] [11877] id=[32]
12-27 16:58:46.227 I/chromium(11877): [INFO:gpu_control_service.cc(81)] [GpuControlService::RegisterGpuBuffer] [11877] id=[33]
12-27 16:58:46.227 I/chromium(11877): [INFO:gpu_control_service.cc(81)] [GpuControlService::RegisterGpuBuffer] [11877] id=[34]
12-27 16:58:46.227 I/chromium(11877): [INFO:gpu_control_service.cc(81)] [GpuControlService::RegisterGpuBuffer] [11877] id=[35]
12-27 16:58:46.227 I/chromium(11877): [INFO:gpu_control_service.cc(81)] [GpuControlService::RegisterGpuBuffer] [11877] id=[36]
12-27 16:58:46.227 I/chromium(11877): [INFO:gpu_control_service.cc(81)] [GpuControlService::RegisterGpuBuffer] [11877] id=[37]
12-27 16:58:46.227 I/chromium(11877): [INFO:gpu_control_service.cc(81)] [GpuControlService::RegisterGpuBuffer] [11877] id=[38]
12-27 16:58:46.227 I/chromium(11877): [INFO:gpu_control_service.cc(81)] [GpuControlService::RegisterGpuBuffer] [11877] id=[39]
12-27 16:58:46.228 I/chromium(11877): [INFO:gpu_control_service.cc(81)] [GpuControlService::RegisterGpuBuffer] [11877] id=[40]
12-27 16:58:46.228 I/chromium(11877): [INFO:gpu_control_service.cc(81)] [GpuControlService::RegisterGpuBuffer] [11877] id=[41]
12-27 16:58:46.228 I/chromium(11877): [INFO:gpu_control_service.cc(81)] [GpuControlService::RegisterGpuBuffer] [11877] id=[42]
12-27 16:58:46.238 I/chromium(11877): [INFO:image_raster_worker_pool.cc(111)] [ImageRasterWorkerPool] [11877] enable_image_on_raster=[1]
12-27 16:58:46.258 I/BufferQueue(  244): [com.djr.zichanjia/com.djr.zichanjia.activity.MainActivity](this:0xb8db2408,id:379,api:1,p:11877,c:244) new GraphicBuffer needed
12-27 16:58:47.039 I/BufferQueue(  244): [com.djr.zichanjia/com.djr.zichanjia.activity.MainActivity](this:0xb8db2408,id:379,api:1,p:11877,c:244) queueBuffer: fps=1.72 dur=1166.08 max=781.56 min=384.52
12-27 16:58:47.039 I/BufferQueue(  244): [com.djr.zichanjia/com.djr.zichanjia.activity.MainActivity](this:0xb8db2408,id:379,api:1,p:11877,c:244) new GraphicBuffer needed
12-27 16:58:49.150 E/BASEACTIVITY(11877): ++++++++++++++++++++++++++++++++++
12-27 16:58:49.160 E/BASEACTIVITY(11877): false
12-27 17:03:41.829 I/System.out(11877): [CDS]close[43472]
12-27 17:03:41.830 I/System.out(11877): close [socket][/0.0.0.0:43472]
12-27 17:06:29.078 I/libPerfService(  814): set_rootgroup - tid: 11877
12-27 17:06:29.107 I/ActivityManager(  814): START u0 {cmp=com.djr.zichanjia/.activity.SplashActivity} from pid 11877
12-27 17:06:29.108 E/ActivityManager(  814): START {cmp=com.djr.zichanjia/.activity.SplashActivity u=0} from pid 11877
12-27 17:06:29.134 I/BufferQueue(  244): [com.djr.zichanjia/com.djr.zichanjia.activity.MainActivity](this:0xb8d3f260,id:382,api:1,p:11877,c:244) connect: api=1 producer=(11877:com.djr.zichanjia) producerControlledByApp=true
12-27 17:06:29.135 I/BufferQueue(  244): [com.djr.zichanjia/com.djr.zichanjia.activity.MainActivity](this:0xb8d3f260,id:382,api:1,p:11877,c:244) new GraphicBuffer needed
12-27 17:06:29.193 I/BufferQueue(  244): [com.djr.zichanjia/com.djr.zichanjia.activity.MainActivity](this:0xb8d3f260,id:382,api:1,p:11877,c:244) new GraphicBuffer needed
12-27 17:06:29.282 W/ProxyFactroy(11900): instance_base
12-27 17:06:29.282 W/ProxyFactroy(11900): java.lang.ClassNotFoundException: org.android.agoo.impl.ControlService
12-27 17:06:29.282 W/ProxyFactroy(11900): 	at java.lang.Class.classForName(Native Method)
12-27 17:06:29.282 W/ProxyFactroy(11900): 	at java.lang.Class.forName(Class.java:251)
12-27 17:06:29.282 W/ProxyFactroy(11900): 	at java.lang.Class.forName(Class.java:216)
12-27 17:06:29.282 W/ProxyFactroy(11900): 	at org.android.agoo.d.a.a(ProxyFactroy.java:26)
12-27 17:06:29.282 W/ProxyFactroy(11900): 	at org.android.agoo.d.a.getInstance(ProxyFactroy.java:14)
12-27 17:06:29.282 W/ProxyFactroy(11900): 	at org.android.agoo.client.BaseIntentService.onHandleIntent(BaseIntentService.java:71)
12-27 17:06:29.282 W/ProxyFactroy(11900): 	at android.app.IntentService$ServiceHandler.handleMessage(IntentService.java:65)
12-27 17:06:29.282 W/ProxyFactroy(11900): 	at android.os.Handler.dispatchMessage(Handler.java:110)
12-27 17:06:29.282 W/ProxyFactroy(11900): 	at android.os.Looper.loop(Looper.java:193)
12-27 17:06:29.282 W/ProxyFactroy(11900): 	at android.os.HandlerThread.run(HandlerThread.java:61)
12-27 17:06:29.282 W/ProxyFactroy(11900): Caused by: java.lang.NoClassDefFoundError: org/android/agoo/impl/ControlService
12-27 17:06:29.282 W/ProxyFactroy(11900): 	... 10 more
12-27 17:06:29.282 W/ProxyFactroy(11900): Caused by: java.lang.ClassNotFoundException: Didn't find class "org.android.agoo.impl.ControlService" on path: DexPathList[[zip file "/data/app/com.djr.zichanjia-1.apk"],nativeLibraryDirectories=[/data/app-lib/com.djr.zichanjia-1, /vendor/lib, /system/lib]]
12-27 17:06:29.282 W/ProxyFactroy(11900): 	at dalvik.system.BaseDexClassLoader.findClass(BaseDexClassLoader.java:56)
12-27 17:06:29.282 W/ProxyFactroy(11900): 	at java.lang.ClassLoader.loadClass(ClassLoader.java:497)
12-27 17:06:29.282 W/ProxyFactroy(11900): 	at java.lang.ClassLoader.loadClass(ClassLoader.java:457)
12-27 17:06:29.282 W/ProxyFactroy(11900): 	... 10 more
12-27 17:06:29.294 I/System.out(11877): propertyValue:true
12-27 17:06:29.294 I/System.out(11877): [socket][6] connection alog.umeng.com/110.173.196.36:80;LocalPort=40079(10000)
12-27 17:06:29.294 I/System.out(11877): [CDS]connect[alog.umeng.com/110.173.196.36:80] tm:10
12-27 17:06:29.823 I/BufferQueue(  244): [com.djr.zichanjia/com.djr.zichanjia.activity.MainActivity](this:0xb8d3f260,id:382,api:1,p:11877,c:244) new GraphicBuffer needed
12-27 17:06:30.343 I/BufferQueue(  244): [com.djr.zichanjia/com.djr.zichanjia.activity.MainActivity](this:0xb8d3f260,id:382,api:1,p:11877,c:244) queueBuffer: fps=1.74 dur=1151.97 max=631.51 min=520.46
12-27 17:06:30.344 I/BufferQueue(  244): [com.djr.zichanjia/com.djr.zichanjia.activity.MainActivity](this:0xb8d3f260,id:382,api:1,p:11877,c:244) new GraphicBuffer needed
12-27 17:06:30.465 E/gsc     (11877): 资产总揽网络请求:   http://10.167.201.176:9090/zcj/front/usercenter/userAsset/ZCJ_USER_LOGIN_APPde74fc593056301548da2e0dc7130dab_18511302741
12-27 17:06:30.470 I/System.out(11877): [CDS]rx timeout:60000
12-27 17:06:30.470 I/System.out(11877): [socket][7] connection /10.167.201.176:9090;LocalPort=53464(60000)
12-27 17:06:30.470 I/System.out(11877): [CDS]connect[/10.167.201.176:9090] tm:60
12-27 17:06:30.479 I/System.out(11877): [socket][/10.167.170.43:53464] connected
12-27 17:06:30.479 I/System.out(11877): [CDS]rx timeout:60000
